23:17:26 **** Incremental Build of configuration Debug for project BME280_driver ****
make -j12 all 
arm-none-eabi-gcc "../Core/Src/BME280_driver.c" -mcpu=cortex-m4 -std=gnu11 -g3 -DDEBUG -DUSE_HAL_DRIVER -DSTM32F407xx -c -I../Core/Inc -I../Drivers/STM32F4xx_HAL_Driver/Inc -I../Drivers/STM32F4xx_HAL_Driver/Inc/Legacy -I../Drivers/CMSIS/Device/ST/STM32F4xx/Include -I../Drivers/CMSIS/Include -O0 -ffunction-sections -fdata-sections -Wall -fstack-usage -fcyclomatic-complexity -MMD -MP -MF"Core/Src/BME280_driver.d" -MT"Core/Src/BME280_driver.o" --specs=nano.specs -mfpu=fpv4-sp-d16 -mfloat-abi=hard -mthumb -o "Core/Src/BME280_driver.o"
arm-none-eabi-gcc -o "BME280_driver.elf" @"objects.list"   -mcpu=cortex-m4 -T"C:\Users\erkan\STM32CubeIDE\workspace_1.11.2\BME280_driver\STM32F407VGTX_FLASH.ld" --specs=nosys.specs -Wl,-Map="BME280_driver.map" -Wl,--gc-sections -static --specs=nano.specs -mfpu=fpv4-sp-d16 -mfloat-abi=hard -mthumb -Wl,--start-group -lc -lm -Wl,--end-group
Finished building target: BME280_driver.elf
 
arm-none-eabi-size   BME280_driver.elf 
arm-none-eabi-objdump -h -S  BME280_driver.elf  > "BME280_driver.list"
   text	   data	    bss	    dec	    hex	filename
   6712	     20	   1652	   8384	   20c0	BME280_driver.elf
Finished building: default.size.stdout
 
Finished building: BME280_driver.list
 

23:17:27 Build Finished. 0 errors, 0 warnings. (took 986ms)

