00:20:11 **** Incremental Build of configuration Debug for project CANBUS_RECEIVE_TEST2 ****
make -j12 all 
arm-none-eabi-gcc "../Core/Src/main.c" -mcpu=cortex-m4 -std=gnu11 -g3 -DDEBUG -DUSE_HAL_DRIVER -DSTM32F303xE -c -I../Core/Inc -I../Drivers/STM32F3xx_HAL_Driver/Inc/Legacy -I../Drivers/STM32F3xx_HAL_Driver/Inc -I../Drivers/CMSIS/Device/ST/STM32F3xx/Include -I../Drivers/CMSIS/Include -O0 -ffunction-sections -fdata-sections -Wall -fstack-usage -fcyclomatic-complexity -MMD -MP -MF"Core/Src/main.d" -MT"Core/Src/main.o" --specs=nano.specs -mfpu=fpv4-sp-d16 -mfloat-abi=hard -mthumb -o "Core/Src/main.o"
arm-none-eabi-gcc -o "CANBUS_RECEIVE_TEST2.elf" @"objects.list"   -mcpu=cortex-m4 -T"C:\Users\erkan\STM32CubeIDE\workspace_1.11.2\CANBUS_RECEIVE_TEST2\STM32F303RETX_FLASH.ld" --specs=nosys.specs -Wl,-Map="CANBUS_RECEIVE_TEST2.map" -Wl,--gc-sections -static --specs=nano.specs -mfpu=fpv4-sp-d16 -mfloat-abi=hard -mthumb -Wl,--start-group -lc -lm -Wl,--end-group
Finished building target: CANBUS_RECEIVE_TEST2.elf
 
arm-none-eabi-size  CANBUS_RECEIVE_TEST2.elf 
arm-none-eabi-objdump -h -S CANBUS_RECEIVE_TEST2.elf  > "CANBUS_RECEIVE_TEST2.list"
   text	   data	    bss	    dec	    hex	filename
  12112	     12	   1724	  13848	   3618	CANBUS_RECEIVE_TEST2.elf
Finished building: default.size.stdout
 
Finished building: CANBUS_RECEIVE_TEST2.list
 

00:20:13 Build Finished. 0 errors, 0 warnings. (took 1s.469ms)

