09:40:50 **** Incremental Build of configuration Debug for project CANBUS_TRANSCEIVER_TEST ****
make -j12 all 
arm-none-eabi-gcc "../Core/Src/main.c" -mcpu=cortex-m4 -std=gnu11 -g3 -DDEBUG -DUSE_HAL_DRIVER -DSTM32F407xx -c -I../Core/Inc -I../Drivers/STM32F4xx_HAL_Driver/Inc -I../Drivers/STM32F4xx_HAL_Driver/Inc/Legacy -I../Drivers/CMSIS/Device/ST/STM32F4xx/Include -I../Drivers/CMSIS/Include -O0 -ffunction-sections -fdata-sections -Wall -fstack-usage -fcyclomatic-complexity -MMD -MP -MF"Core/Src/main.d" -MT"Core/Src/main.o" --specs=nano.specs -mfpu=fpv4-sp-d16 -mfloat-abi=hard -mthumb -o "Core/Src/main.o"
arm-none-eabi-gcc -o "CANBUS_TRANSCEIVER_TEST.elf" @"objects.list"   -mcpu=cortex-m4 -T"C:\Users\erkan\STM32CubeIDE\workspace_1.11.2\CANBUS_TRANSCEIVER_TEST\STM32F407VGTX_FLASH.ld" --specs=nosys.specs -Wl,-Map="CANBUS_TRANSCEIVER_TEST.map" -Wl,--gc-sections -static --specs=nano.specs -mfpu=fpv4-sp-d16 -mfloat-abi=hard -mthumb -Wl,--start-group -lc -lm -Wl,--end-group
Finished building target: CANBUS_TRANSCEIVER_TEST.elf
 
arm-none-eabi-size  CANBUS_TRANSCEIVER_TEST.elf 
arm-none-eabi-objdump -h -S CANBUS_TRANSCEIVER_TEST.elf  > "CANBUS_TRANSCEIVER_TEST.list"
   text	   data	    bss	    dec	    hex	filename
   7220	     12	   1644	   8876	   22ac	CANBUS_TRANSCEIVER_TEST.elf
Finished building: default.size.stdout
 
Finished building: CANBUS_TRANSCEIVER_TEST.list
 

09:40:51 Build Finished. 0 errors, 0 warnings. (took 990ms)

