00:03:10 **** Incremental Build of configuration Debug for project DAC8562_driver ****
make -j12 all 
arm-none-eabi-gcc "../Core/Src/DAC8562.c" -mcpu=cortex-m4 -std=gnu11 -g3 -DDEBUG -DUSE_HAL_DRIVER -DSTM32F407xx -c -I../Core/Inc -I../Drivers/STM32F4xx_HAL_Driver/Inc -I../Drivers/STM32F4xx_HAL_Driver/Inc/Legacy -I../Drivers/CMSIS/Device/ST/STM32F4xx/Include -I../Drivers/CMSIS/Include -O0 -ffunction-sections -fdata-sections -Wall -fstack-usage -fcyclomatic-complexity -MMD -MP -MF"Core/Src/DAC8562.d" -MT"Core/Src/DAC8562.o" --specs=nano.specs -mfpu=fpv4-sp-d16 -mfloat-abi=hard -mthumb -o "Core/Src/DAC8562.o"
arm-none-eabi-gcc -o "DAC8562_driver.elf" @"objects.list"   -mcpu=cortex-m4 -T"C:\Users\erkan\STM32CubeIDE\workspace_1.11.2\DAC8562_driver\STM32F407VGTX_FLASH.ld" --specs=nosys.specs -Wl,-Map="DAC8562_driver.map" -Wl,--gc-sections -static --specs=nano.specs -mfpu=fpv4-sp-d16 -mfloat-abi=hard -mthumb -Wl,--start-group -lc -lm -Wl,--end-group
Finished building target: DAC8562_driver.elf
 
arm-none-eabi-size  DAC8562_driver.elf 
arm-none-eabi-objdump -h -S DAC8562_driver.elf  > "DAC8562_driver.list"
   text	   data	    bss	    dec	    hex	filename
   6268	     12	   1660	   7940	   1f04	DAC8562_driver.elf
Finished building: default.size.stdout
 
Finished building: DAC8562_driver.list
 

00:03:11 Build Finished. 0 errors, 0 warnings. (took 997ms)

