17:03:28 **** Incremental Build of configuration Debug for project Debug ****
make -j12 all 
arm-none-eabi-gcc "../Core/Src/main.c" -mcpu=cortex-m4 -std=gnu11 -g3 -DDEBUG -DUSE_HAL_DRIVER -DSTM32F407xx -c -I../Core/Inc -I../Drivers/STM32F4xx_HAL_Driver/Inc -I../Drivers/STM32F4xx_HAL_Driver/Inc/Legacy -I../Drivers/CMSIS/Device/ST/STM32F4xx/Include -I../Drivers/CMSIS/Include -O0 -ffunction-sections -fdata-sections -Wall -fstack-usage -MMD -MP -MF"Core/Src/main.d" -MT"Core/Src/main.o" --specs=nano.specs -mfpu=fpv4-sp-d16 -mfloat-abi=hard -mthumb -o "Core/Src/main.o"
arm-none-eabi-gcc -o "Debug.elf" @"objects.list"   -mcpu=cortex-m4 -T"C:\Users\erkan\STM32CubeIDE\workspace_1.11.2\Debug\STM32F407VGTX_FLASH.ld" --specs=nosys.specs -Wl,-Map="Debug.map" -Wl,--gc-sections -static --specs=nano.specs -mfpu=fpv4-sp-d16 -mfloat-abi=hard -mthumb -Wl,--start-group -lc -lm -Wl,--end-group
Finished building target: Debug.elf
 
arm-none-eabi-size   Debug.elf 
arm-none-eabi-objdump -h -S  Debug.elf  > "Debug.list"
   text	   data	    bss	    dec	    hex	filename
   6096	     20	   1580	   7696	   1e10	Debug.elf
Finished building: default.size.stdout
 
Finished building: Debug.list
 

17:03:30 Build Finished. 0 errors, 0 warnings. (took 1s.468ms)

