10:12:51 **** Incremental Build of configuration Debug for project Embedded Code 1 Disco ****
make -j12 all 
arm-none-eabi-gcc "../Core/Src/main.c" -mcpu=cortex-m4 -std=gnu11 -g3 -DDEBUG -DUSE_HAL_DRIVER -DSTM32F407xx -c -I../USB_HOST/App -I../USB_HOST/Target -I../Core/Inc -I../Drivers/STM32F4xx_HAL_Driver/Inc -I../Drivers/STM32F4xx_HAL_Driver/Inc/Legacy -I../Middlewares/ST/STM32_USB_Host_Library/Core/Inc -I../Middlewares/ST/STM32_USB_Host_Library/Class/CDC/Inc -I../Drivers/CMSIS/Device/ST/STM32F4xx/Include -I../Drivers/CMSIS/Include -O0 -ffunction-sections -fdata-sections -Wall -fstack-usage -MMD -MP -MF"Core/Src/main.d" -MT"Core/Src/main.o" --specs=nano.specs -mfpu=fpv4-sp-d16 -mfloat-abi=hard -mthumb -o "Core/Src/main.o"
arm-none-eabi-gcc -o "Embedded Code 1 Disco.elf" @"objects.list"   -mcpu=cortex-m4 -T"C:\Users\erkan\STM32CubeIDE\workspace_1.11.2\Embedded Code 1 Disco\STM32F407VGTX_FLASH.ld" --specs=nosys.specs -Wl,-Map="Embedded Code 1 Disco.map" -Wl,--gc-sections -static --specs=nano.specs -mfpu=fpv4-sp-d16 -mfloat-abi=hard -mthumb -Wl,--start-group -lc -lm -Wl,--end-group
Finished building target: Embedded Code 1 Disco.elf
 
arm-none-eabi-size   Embedded\ Code\ 1\ Disco.elf 
arm-none-eabi-objdump -h -S  Embedded\ Code\ 1\ Disco.elf  > "Embedded Code 1 Disco.list"
   text	   data	    bss	    dec	    hex	filename
  31876	    152	   3592	  35620	   8b24	Embedded Code 1 Disco.elf
Finished building: default.size.stdout
 
Finished building: Embedded Code 1 Disco.list
 

10:12:52 Build Finished. 0 errors, 0 warnings. (took 1s.57ms)

