14:34:52 **** Incremental Build of configuration Debug for project HAL_UART_001 ****
make -j12 all 
arm-none-eabi-gcc "../Core/Src/main.c" -mcpu=cortex-m4 -std=gnu11 -g3 -DDEBUG -DUSE_HAL_DRIVER -DSTM32F407xx -c -I../Core/Inc -I../Drivers/STM32F4xx_HAL_Driver/Inc -I../Drivers/STM32F4xx_HAL_Driver/Inc/Legacy -I../Drivers/CMSIS/Device/ST/STM32F4xx/Include -I../Drivers/CMSIS/Include -O0 -ffunction-sections -fdata-sections -Wall -fstack-usage -MMD -MP -MF"Core/Src/main.d" -MT"Core/Src/main.o" --specs=nano.specs -mfpu=fpv4-sp-d16 -mfloat-abi=hard -mthumb -o "Core/Src/main.o"
arm-none-eabi-gcc -o "HAL_UART_001.elf" @"objects.list"   -mcpu=cortex-m4 -T"C:\Users\erkan\STM32CubeIDE\workspace_1.11.2\HAL_UART_001\STM32F407VGTX_FLASH.ld" --specs=nosys.specs -Wl,-Map="HAL_UART_001.map" -Wl,--gc-sections -static --specs=nano.specs -mfpu=fpv4-sp-d16 -mfloat-abi=hard -mthumb -Wl,--start-group -lc -lm -Wl,--end-group
Finished building target: HAL_UART_001.elf
 
arm-none-eabi-size   HAL_UART_001.elf 
arm-none-eabi-objdump -h -S  HAL_UART_001.elf  > "HAL_UART_001.list"
   text	   data	    bss	    dec	    hex	filename
  10816	     48	   1640	  12504	   30d8	HAL_UART_001.elf
Finished building: default.size.stdout
 
Finished building: HAL_UART_001.list
 

14:34:53 Build Finished. 0 errors, 0 warnings. (took 827ms)

