22:10:06 **** Incremental Build of configuration Debug for project HAL_DENEME_002 ****
make -j12 all 
arm-none-eabi-gcc "../Core/Src/main.c" -mcpu=cortex-m4 -std=gnu11 -g3 -DDEBUG -DUSE_HAL_DRIVER -DSTM32F407xx -c -I../Core/Inc -I../Drivers/STM32F4xx_HAL_Driver/Inc -I../Drivers/STM32F4xx_HAL_Driver/Inc/Legacy -I../Drivers/CMSIS/Device/ST/STM32F4xx/Include -I../Drivers/CMSIS/Include -O0 -ffunction-sections -fdata-sections -Wall -fstack-usage -fcyclomatic-complexity -MMD -MP -MF"Core/Src/main.d" -MT"Core/Src/main.o" --specs=nano.specs -mfpu=fpv4-sp-d16 -mfloat-abi=hard -mthumb -o "Core/Src/main.o"
arm-none-eabi-gcc -o "HAL_DENEME_002.elf" @"objects.list"   -mcpu=cortex-m4 -T"C:\Users\erkan\STM32CubeIDE\workspace_1.11.2\HAL_DENEME_002\STM32F407VGTX_FLASH.ld" --specs=nosys.specs -Wl,-Map="HAL_DENEME_002.map" -Wl,--gc-sections -static --specs=nano.specs -mfpu=fpv4-sp-d16 -mfloat-abi=hard -mthumb -Wl,--start-group -lc -lm -Wl,--end-group
Finished building target: HAL_DENEME_002.elf
 
arm-none-eabi-size   HAL_DENEME_002.elf 
arm-none-eabi-objdump -h -S  HAL_DENEME_002.elf  > "HAL_DENEME_002.list"
   text	   data	    bss	    dec	    hex	filename
   5824	     20	   1572	   7416	   1cf8	HAL_DENEME_002.elf
Finished building: default.size.stdout
 
Finished building: HAL_DENEME_002.list
 

22:10:09 Build Finished. 0 errors, 0 warnings. (took 2s.845ms)

