20:48:28 **** Incremental Build of configuration Debug for project HAL_UART_010 ****
make -j12 all 
arm-none-eabi-gcc "../Core/Src/main.c" -mcpu=cortex-m3 -std=gnu11 -g3 -DDEBUG -DUSE_HAL_DRIVER -DSTM32F103x6 -c -I../Core/Inc -I../Drivers/STM32F1xx_HAL_Driver/Inc/Legacy -I../Drivers/STM32F1xx_HAL_Driver/Inc -I../Drivers/CMSIS/Device/ST/STM32F1xx/Include -I../Drivers/CMSIS/Include -O0 -ffunction-sections -fdata-sections -Wall -fstack-usage -MMD -MP -MF"Core/Src/main.d" -MT"Core/Src/main.o" --specs=nano.specs -mfloat-abi=soft -mthumb -o "Core/Src/main.o"
../Core/Src/main.c: In function 'main':
../Core/Src/main.c:108:7: warning: implicit declaration of function 'strncmp' [-Wimplicit-function-declaration]
  108 |    if(strncmp(message,"1",1) == 0)
      |       ^~~~~~~
../Core/Src/main.c:108:27: warning: 'strncmp' argument 3 type is 'int' where 'unsigned int' is expected in a call to built-in function declared without prototype [-Wbuiltin-declaration-mismatch]
  108 |    if(strncmp(message,"1",1) == 0)
      |                           ^
<built-in>: note: built-in 'strncmp' declared here
../Core/Src/main.c:113:32: warning: 'strncmp' argument 3 type is 'int' where 'unsigned int' is expected in a call to built-in function declared without prototype [-Wbuiltin-declaration-mismatch]
  113 |    else if(strncmp(message,"2",1) == 0)
      |                                ^
<built-in>: note: built-in 'strncmp' declared here
arm-none-eabi-gcc -o "HAL_UART_010.elf" @"objects.list"   -mcpu=cortex-m3 -T"C:\Users\erkan\STM32CubeIDE\workspace_1.11.2\HAL_UART_010\STM32F103C6TX_FLASH.ld" --specs=nosys.specs -Wl,-Map="HAL_UART_010.map" -Wl,--gc-sections -static --specs=nano.specs -mfloat-abi=soft -mthumb -Wl,--start-group -lc -lm -Wl,--end-group
Finished building target: HAL_UART_010.elf
 
arm-none-eabi-size   HAL_UART_010.elf 
arm-none-eabi-objdump -h -S  HAL_UART_010.elf  > "HAL_UART_010.list"
arm-none-eabi-objcopy  -O ihex  HAL_UART_010.elf  "HAL_UART_010.hex"
   text	   data	    bss	    dec	    hex	filename
   5900	     20	   1644	   7564	   1d8c	HAL_UART_010.elf
arm-none-eabi-objcopy  -O binary  HAL_UART_010.elf  "HAL_UART_010.bin"
Finished building: default.size.stdout
 
Finished building: HAL_UART_010.hex
Finished building: HAL_UART_010.bin
 
 
Finished building: HAL_UART_010.list
 

20:48:29 Build Finished. 0 errors, 3 warnings. (took 949ms)

