00:18:27 **** Incremental Build of configuration Debug for project HAL_CANBUS_RXDATA_001 ****
make -j12 all 
arm-none-eabi-gcc "../Core/Src/main.c" -mcpu=cortex-m4 -std=gnu11 -g3 -DDEBUG -DUSE_HAL_DRIVER -DSTM32F407xx -c -I../Core/Inc -I../Drivers/STM32F4xx_HAL_Driver/Inc -I../Drivers/STM32F4xx_HAL_Driver/Inc/Legacy -I../Drivers/CMSIS/Device/ST/STM32F4xx/Include -I../Drivers/CMSIS/Include -O0 -ffunction-sections -fdata-sections -Wall -fstack-usage -fcyclomatic-complexity -MMD -MP -MF"Core/Src/main.d" -MT"Core/Src/main.o" --specs=nano.specs -mfpu=fpv4-sp-d16 -mfloat-abi=hard -mthumb -o "Core/Src/main.o"
../Core/Src/main.c: In function 'MX_CAN1_Init':
../Core/Src/main.c:209:21: warning: variable 'CanFilterHandle' set but not used [-Wunused-but-set-variable]
  209 |   CAN_FilterTypeDef CanFilterHandle;
      |                     ^~~~~~~~~~~~~~~
arm-none-eabi-gcc -o "HAL_CANBUS_RXDATA_001.elf" @"objects.list"   -mcpu=cortex-m4 -T"C:\Users\erkan\STM32CubeIDE\workspace_1.11.2\HAL_CANBUS_RXDATA_001\STM32F407VGTX_FLASH.ld" --specs=nosys.specs -Wl,-Map="HAL_CANBUS_RXDATA_001.map" -Wl,--gc-sections -static --specs=nano.specs -mfpu=fpv4-sp-d16 -mfloat-abi=hard -mthumb -Wl,--start-group -lc -lm -Wl,--end-group
Finished building target: HAL_CANBUS_RXDATA_001.elf
 
arm-none-eabi-size   HAL_CANBUS_RXDATA_001.elf 
arm-none-eabi-objdump -h -S  HAL_CANBUS_RXDATA_001.elf  > "HAL_CANBUS_RXDATA_001.list"
   text	   data	    bss	    dec	    hex	filename
   7308	     20	   1684	   9012	   2334	HAL_CANBUS_RXDATA_001.elf
Finished building: default.size.stdout
 
Finished building: HAL_CANBUS_RXDATA_001.list
 

00:18:30 Build Finished. 0 errors, 1 warnings. (took 2s.562ms)

