16:55:10 **** Incremental Build of configuration Debug for project HAL_ADC_007 ****
make -j12 all 
arm-none-eabi-gcc -o "HAL_ADC_007.elf" @"objects.list"   -mcpu=cortex-m3 -T"C:\Users\erkan\STM32CubeIDE\workspace_1.11.2\HAL_ADC_007\STM32F103R6TX_FLASH.ld" --specs=nosys.specs -Wl,-Map="HAL_ADC_007.map" -Wl,--gc-sections -static --specs=nano.specs -mfloat-abi=soft -mthumb -Wl,--start-group -lc -lm -Wl,--end-group
Finished building target: HAL_ADC_007.elf
 
arm-none-eabi-size   HAL_ADC_007.elf 
arm-none-eabi-objdump -h -S  HAL_ADC_007.elf  > "HAL_ADC_007.list"
arm-none-eabi-objcopy  -O ihex  HAL_ADC_007.elf  "HAL_ADC_007.hex"
   text	   data	    bss	    dec	    hex	filename
  11628	    120	   1728	  13476	   34a4	HAL_ADC_007.elf
arm-none-eabi-objcopy  -O binary  HAL_ADC_007.elf  "HAL_ADC_007.bin"
Finished building: default.size.stdout
 
Finished building: HAL_ADC_007.list
 
Finished building: HAL_ADC_007.bin
Finished building: HAL_ADC_007.hex
 
 

16:55:11 Build Finished. 0 errors, 0 warnings. (took 626ms)

