21:52:37 **** Incremental Build of configuration Debug for project HAL_MAX6675_001 ****
make -j12 all 
arm-none-eabi-gcc "../Core/Src/main.c" -mcpu=cortex-m4 -std=gnu11 -g3 -DDEBUG -DUSE_HAL_DRIVER -DSTM32F407xx -c -I../Core/Inc -I../Drivers/STM32F4xx_HAL_Driver/Inc -I../Drivers/STM32F4xx_HAL_Driver/Inc/Legacy -I../Drivers/CMSIS/Device/ST/STM32F4xx/Include -I../Drivers/CMSIS/Include -O0 -ffunction-sections -fdata-sections -Wall -fstack-usage -fcyclomatic-complexity -MMD -MP -MF"Core/Src/main.d" -MT"Core/Src/main.o" --specs=nano.specs -mfpu=fpv4-sp-d16 -mfloat-abi=hard -mthumb -o "Core/Src/main.o"
../Core/Src/main.c: In function 'SPI_MAX6675_Read':
../Core/Src/main.c:72:33: warning: passing argument 2 of 'HAL_SPI_Receive' makes pointer from integer without a cast [-Wint-conversion]
   72 |         HAL_SPI_Receive(&hspi1, MAX6675_output,1,100);
      |                                 ^~~~~~~~~~~~~~
      |                                 |
      |                                 uint16_t {aka short unsigned int}
In file included from ../Core/Inc/stm32f4xx_hal_conf.h:403,
                 from ../Drivers/STM32F4xx_HAL_Driver/Inc/stm32f4xx_hal.h:29,
                 from ../Core/Inc/main.h:30,
                 from ../Core/Src/main.c:20:
../Drivers/STM32F4xx_HAL_Driver/Inc/stm32f4xx_hal_spi.h:671:69: note: expected 'uint8_t *' {aka 'unsigned char *'} but argument is of type 'uint16_t' {aka 'short unsigned int'}
  671 | HAL_StatusTypeDef HAL_SPI_Receive(SPI_HandleTypeDef *hspi, uint8_t *pData, uint16_t Size, uint32_t Timeout);
      |                                                            ~~~~~~~~~^~~~~
arm-none-eabi-gcc -o "HAL_MAX6675_001.elf" @"objects.list"   -mcpu=cortex-m4 -T"C:\Users\erkan\STM32CubeIDE\workspace_1.11.2\HAL_MAX6675_001\STM32F407VGTX_FLASH.ld" --specs=nosys.specs -Wl,-Map="HAL_MAX6675_001.map" -Wl,--gc-sections -static --specs=nano.specs -mfpu=fpv4-sp-d16 -mfloat-abi=hard -mthumb -Wl,--start-group -lc -lm -Wl,--end-group
Finished building target: HAL_MAX6675_001.elf
 
arm-none-eabi-size   HAL_MAX6675_001.elf 
arm-none-eabi-objdump -h -S  HAL_MAX6675_001.elf  > "HAL_MAX6675_001.list"
   text	   data	    bss	    dec	    hex	filename
   8580	     20	   1668	  10268	   281c	HAL_MAX6675_001.elf
Finished building: default.size.stdout
 
Finished building: HAL_MAX6675_001.list
 

21:52:39 Build Finished. 0 errors, 1 warnings. (took 1s.710ms)

