14:17:44 **** Incremental Build of configuration Debug for project HAL_LED_BLINK ****
make -j12 all 
arm-none-eabi-gcc "../Core/Src/main.c" -mcpu=cortex-m4 -std=gnu11 -g3 -DDEBUG -DUSE_HAL_DRIVER -DSTM32F407xx -c -I../Core/Inc -I../Drivers/STM32F4xx_HAL_Driver/Inc -I../Drivers/STM32F4xx_HAL_Driver/Inc/Legacy -I../Drivers/CMSIS/Device/ST/STM32F4xx/Include -I../Drivers/CMSIS/Include -O0 -ffunction-sections -fdata-sections -Wall -fstack-usage -fcyclomatic-complexity -MMD -MP -MF"Core/Src/main.d" -MT"Core/Src/main.o" --specs=nano.specs -mfpu=fpv4-sp-d16 -mfloat-abi=hard -mthumb -o "Core/Src/main.o"
arm-none-eabi-gcc -o "HAL_LED_BLINK.elf" @"objects.list"   -mcpu=cortex-m4 -T"C:\Users\erkan\STM32CubeIDE\workspace_1.11.2\HAL_LED_BLINK\STM32F407VGTX_FLASH.ld" --specs=nosys.specs -Wl,-Map="HAL_LED_BLINK.map" -Wl,--gc-sections -static --specs=nano.specs -mfpu=fpv4-sp-d16 -mfloat-abi=hard -mthumb -Wl,--start-group -lc -lm -Wl,--end-group
C:/ST/STM32CubeIDE_1.11.2/STM32CubeIDE/plugins/com.st.stm32cube.ide.mcu.externaltools.gnu-tools-for-stm32.12.3.rel1.win32_1.0.100.202403111256/tools/bin/../lib/gcc/arm-none-eabi/12.3.1/../../../../arm-none-eabi/bin/ld.exe: warning: HAL_LED_BLINK.elf has a LOAD segment with RWX permissions
Finished building target: HAL_LED_BLINK.elf
 
arm-none-eabi-size  HAL_LED_BLINK.elf 
arm-none-eabi-objdump -h -S HAL_LED_BLINK.elf  > "HAL_LED_BLINK.list"
   text	   data	    bss	    dec	    hex	filename
   5972	     20	   1572	   7564	   1d8c	HAL_LED_BLINK.elf
Finished building: default.size.stdout
 
Finished building: HAL_LED_BLINK.list
 

14:17:45 Build Finished. 0 errors, 1 warnings. (took 1s.51ms)

