21:57:18 **** Incremental Build of configuration Debug for project HAL_ADC_005 ****
make -j12 all 
arm-none-eabi-gcc "../Core/Src/main.c" -mcpu=cortex-m3 -std=gnu11 -g3 -DDEBUG -DUSE_HAL_DRIVER -DSTM32F103x6 -c -I../Core/Inc -I../Drivers/STM32F1xx_HAL_Driver/Inc/Legacy -I../Drivers/STM32F1xx_HAL_Driver/Inc -I../Drivers/CMSIS/Device/ST/STM32F1xx/Include -I../Drivers/CMSIS/Include -O0 -ffunction-sections -fdata-sections -Wall -fstack-usage -MMD -MP -MF"Core/Src/main.d" -MT"Core/Src/main.o" --specs=nano.specs -mfloat-abi=soft -mthumb -o "Core/Src/main.o"
arm-none-eabi-gcc -o "HAL_ADC_005.elf" @"objects.list"   -mcpu=cortex-m3 -T"C:\Users\erkan\STM32CubeIDE\workspace_1.11.2\HAL_ADC_005\STM32F103R6TX_FLASH.ld" --specs=nosys.specs -Wl,-Map="HAL_ADC_005.map" -Wl,--gc-sections -static --specs=nano.specs -mfloat-abi=soft -mthumb -Wl,--start-group -lc -lm -Wl,--end-group
Finished building target: HAL_ADC_005.elf
 
arm-none-eabi-size   HAL_ADC_005.elf 
arm-none-eabi-objdump -h -S  HAL_ADC_005.elf  > "HAL_ADC_005.list"
arm-none-eabi-objcopy  -O ihex  HAL_ADC_005.elf  "HAL_ADC_005.hex"
   text	   data	    bss	    dec	    hex	filename
   7744	     20	   1620	   9384	   24a8	HAL_ADC_005.elf
arm-none-eabi-objcopy  -O binary  HAL_ADC_005.elf  "HAL_ADC_005.bin"
Finished building: default.size.stdout
 
Finished building: HAL_ADC_005.hex
Finished building: HAL_ADC_005.bin
Finished building: HAL_ADC_005.list
 
 
 

21:57:19 Build Finished. 0 errors, 0 warnings. (took 862ms)

