22:14:15 **** Incremental Build of configuration Debug for project MFK_CLK_005 ****
make -j12 all 
arm-none-eabi-gcc "../Core/Src/main.c" -mcpu=cortex-m4 -std=gnu11 -g3 -DDEBUG -DUSE_HAL_DRIVER -DSTM32F407xx -c -I../USB_HOST/App -I../USB_HOST/Target -I../Core/Inc -I../Drivers/STM32F4xx_HAL_Driver/Inc -I../Drivers/STM32F4xx_HAL_Driver/Inc/Legacy -I../Middlewares/ST/STM32_USB_Host_Library/Core/Inc -I../Middlewares/ST/STM32_USB_Host_Library/Class/CDC/Inc -I../Drivers/CMSIS/Device/ST/STM32F4xx/Include -I../Drivers/CMSIS/Include -O0 -ffunction-sections -fdata-sections -Wall -fstack-usage -MMD -MP -MF"Core/Src/main.d" -MT"Core/Src/main.o" --specs=nano.specs -mfpu=fpv4-sp-d16 -mfloat-abi=hard -mthumb -o "Core/Src/main.o"
arm-none-eabi-gcc -o "MFK_CLK_005.elf" @"objects.list"   -mcpu=cortex-m4 -T"C:\Users\erkan\STM32CubeIDE\workspace_1.11.2\MFK_CLK_005\STM32F407VGTX_FLASH.ld" --specs=nosys.specs -Wl,-Map="MFK_CLK_005.map" -Wl,--gc-sections -static --specs=nano.specs -mfpu=fpv4-sp-d16 -mfloat-abi=hard -mthumb -Wl,--start-group -lc -lm -Wl,--end-group
Finished building target: MFK_CLK_005.elf
 
arm-none-eabi-size   MFK_CLK_005.elf 
arm-none-eabi-objdump -h -S  MFK_CLK_005.elf  > "MFK_CLK_005.list"
   text	   data	    bss	    dec	    hex	filename
  28572	    152	   3592	  32316	   7e3c	MFK_CLK_005.elf
Finished building: default.size.stdout
 
Finished building: MFK_CLK_005.list
 

22:14:16 Build Finished. 0 errors, 0 warnings. (took 1s.232ms)

