15:43:24 **** Incremental Build of configuration Debug for project MFK_HAL_I2C_005 ****
make -j12 all 
arm-none-eabi-gcc "../Core/Src/BMP180.c" -mcpu=cortex-m4 -std=gnu11 -g3 -DDEBUG -DUSE_HAL_DRIVER -DSTM32F407xx -c -I../Core/Inc -I../Drivers/STM32F4xx_HAL_Driver/Inc -I../Drivers/STM32F4xx_HAL_Driver/Inc/Legacy -I../Drivers/CMSIS/Device/ST/STM32F4xx/Include -I../Drivers/CMSIS/Include -O0 -ffunction-sections -fdata-sections -Wall -fstack-usage -fcyclomatic-complexity -MMD -MP -MF"Core/Src/BMP180.d" -MT"Core/Src/BMP180.o" --specs=nano.specs -mfpu=fpv4-sp-d16 -mfloat-abi=hard -mthumb -o "Core/Src/BMP180.o"
arm-none-eabi-gcc -o "MFK_HAL_I2C_005.elf" @"objects.list"   -mcpu=cortex-m4 -T"C:\Users\erkan\STM32CubeIDE\workspace_1.11.2\MFK_HAL_I2C_005\STM32F407VGTX_FLASH.ld" --specs=nosys.specs -Wl,-Map="MFK_HAL_I2C_005.map" -Wl,--gc-sections -static --specs=nano.specs -mfpu=fpv4-sp-d16 -mfloat-abi=hard -mthumb -Wl,--start-group -lc -lm -Wl,--end-group
Finished building target: MFK_HAL_I2C_005.elf
 
arm-none-eabi-size   MFK_HAL_I2C_005.elf 
arm-none-eabi-objdump -h -S  MFK_HAL_I2C_005.elf  > "MFK_HAL_I2C_005.list"
   text	   data	    bss	    dec	    hex	filename
  14932	     20	   1732	  16684	   412c	MFK_HAL_I2C_005.elf
Finished building: default.size.stdout
 
Finished building: MFK_HAL_I2C_005.list
 

15:43:25 Build Finished. 0 errors, 0 warnings. (took 1s.219ms)

