00:42:33 **** Incremental Build of configuration Debug for project MFK_HAL_TIM_014 ****
make -j12 all 
arm-none-eabi-gcc "../Core/Src/main.c" -mcpu=cortex-m4 -std=gnu11 -g3 -DDEBUG -DUSE_HAL_DRIVER -DSTM32F407xx -c -I../Core/Inc -I../Drivers/STM32F4xx_HAL_Driver/Inc -I../Drivers/STM32F4xx_HAL_Driver/Inc/Legacy -I../Drivers/CMSIS/Device/ST/STM32F4xx/Include -I../Drivers/CMSIS/Include -O0 -ffunction-sections -fdata-sections -Wall -fstack-usage -fcyclomatic-complexity -MMD -MP -MF"Core/Src/main.d" -MT"Core/Src/main.o" --specs=nano.specs -mfpu=fpv4-sp-d16 -mfloat-abi=hard -mthumb -o "Core/Src/main.o"
arm-none-eabi-gcc -o "MFK_HAL_TIM_014.elf" @"objects.list"   -mcpu=cortex-m4 -T"C:\Users\erkan\STM32CubeIDE\workspace_1.11.2\MFK_HAL_TIM_014\STM32F407VGTX_FLASH.ld" --specs=nosys.specs -Wl,-Map="MFK_HAL_TIM_014.map" -Wl,--gc-sections -static --specs=nano.specs -mfpu=fpv4-sp-d16 -mfloat-abi=hard -mthumb -Wl,--start-group -lc -lm -Wl,--end-group
Finished building target: MFK_HAL_TIM_014.elf
 
arm-none-eabi-size   MFK_HAL_TIM_014.elf 
arm-none-eabi-objdump -h -S  MFK_HAL_TIM_014.elf  > "MFK_HAL_TIM_014.list"
   text	   data	    bss	    dec	    hex	filename
   8320	     20	   1644	   9984	   2700	MFK_HAL_TIM_014.elf
Finished building: default.size.stdout
 
Finished building: MFK_HAL_TIM_014.list
 

00:42:34 Build Finished. 0 errors, 0 warnings. (took 1s.87ms)

