20:45:08 **** Incremental Build of configuration Debug for project MFK_HAL_UART_002 ****
make -j12 all 
arm-none-eabi-gcc "../Core/Src/main.c" -mcpu=cortex-m4 -std=gnu11 -g3 -DDEBUG -DUSE_HAL_DRIVER -DSTM32F407xx -c -I../Core/Inc -I../Drivers/STM32F4xx_HAL_Driver/Inc -I../Drivers/STM32F4xx_HAL_Driver/Inc/Legacy -I../Drivers/CMSIS/Device/ST/STM32F4xx/Include -I../Drivers/CMSIS/Include -O0 -ffunction-sections -fdata-sections -Wall -fstack-usage -fcyclomatic-complexity -MMD -MP -MF"Core/Src/main.d" -MT"Core/Src/main.o" --specs=nano.specs -mfpu=fpv4-sp-d16 -mfloat-abi=hard -mthumb -o "Core/Src/main.o"
../Core/Src/main.c: In function 'main':
../Core/Src/main.c:108:58: warning: implicit declaration of function 'sprintf' [-Wimplicit-function-declaration]
  108 |           HAL_UART_Transmit(&huart2, (uint8_t*)tx_data2, sprintf(tx_data2,"Embedded Software Engineer\n\r"), 1000);
      |                                                          ^~~~~~~
../Core/Src/main.c:22:1: note: include '<stdio.h>' or provide a declaration of 'sprintf'
   21 | #include "string.h"
  +++ |+#include <stdio.h>
   22 | 
../Core/Src/main.c:108:58: warning: incompatible implicit declaration of built-in function 'sprintf' [-Wbuiltin-declaration-mismatch]
  108 |           HAL_UART_Transmit(&huart2, (uint8_t*)tx_data2, sprintf(tx_data2,"Embedded Software Engineer\n\r"), 1000);
      |                                                          ^~~~~~~
../Core/Src/main.c:108:58: note: include '<stdio.h>' or provide a declaration of 'sprintf'
arm-none-eabi-gcc -o "MFK_HAL_UART_002.elf" @"objects.list"   -mcpu=cortex-m4 -T"C:\Users\erkan\STM32CubeIDE\workspace_1.11.2\MFK_HAL_UART_002\STM32F407VGTX_FLASH.ld" --specs=nosys.specs -Wl,-Map="MFK_HAL_UART_002.map" -Wl,--gc-sections -static --specs=nano.specs -mfpu=fpv4-sp-d16 -mfloat-abi=hard -mthumb -Wl,--start-group -lc -lm -Wl,--end-group
Finished building target: MFK_HAL_UART_002.elf
 
arm-none-eabi-size   MFK_HAL_UART_002.elf 
arm-none-eabi-objdump -h -S  MFK_HAL_UART_002.elf  > "MFK_HAL_UART_002.list"
   text	   data	    bss	    dec	    hex	filename
  10636	    204	   1972	  12812	   320c	MFK_HAL_UART_002.elf
Finished building: default.size.stdout
 
Finished building: MFK_HAL_UART_002.list
 

20:45:09 Build Finished. 0 errors, 2 warnings. (took 935ms)

