00:38:57 **** Incremental Build of configuration Debug for project MPU6050_driver_2.0 ****
make -j12 all 
arm-none-eabi-gcc "../Core/Src/MPU6050_sensor_driver.c" -mcpu=cortex-m4 -std=gnu11 -g3 -DDEBUG -DUSE_HAL_DRIVER -DSTM32F407xx -c -I../Core/Inc -I../Drivers/STM32F4xx_HAL_Driver/Inc -I../Drivers/STM32F4xx_HAL_Driver/Inc/Legacy -I../Drivers/CMSIS/Device/ST/STM32F4xx/Include -I../Drivers/CMSIS/Include -O0 -ffunction-sections -fdata-sections -Wall -fstack-usage -fcyclomatic-complexity -MMD -MP -MF"Core/Src/MPU6050_sensor_driver.d" -MT"Core/Src/MPU6050_sensor_driver.o" --specs=nano.specs -mfpu=fpv4-sp-d16 -mfloat-abi=hard -mthumb -o "Core/Src/MPU6050_sensor_driver.o"
arm-none-eabi-gcc -o "MPU6050_driver_2.0.elf" @"objects.list"   -mcpu=cortex-m4 -T"C:\Users\erkan\STM32CubeIDE\workspace_1.11.2\MPU6050_driver_2.0\STM32F407VGTX_FLASH.ld" --specs=nosys.specs -Wl,-Map="MPU6050_driver_2.0.map" -Wl,--gc-sections -static --specs=nano.specs -mfpu=fpv4-sp-d16 -mfloat-abi=hard -mthumb -Wl,--start-group -lc -lm -Wl,--end-group
Finished building target: MPU6050_driver_2.0.elf
 
arm-none-eabi-size   MPU6050_driver_2.0.elf 
arm-none-eabi-objdump -h -S  MPU6050_driver_2.0.elf  > "MPU6050_driver_2.0.list"
   text	   data	    bss	    dec	    hex	filename
   6712	     20	   1652	   8384	   20c0	MPU6050_driver_2.0.elf
Finished building: default.size.stdout
 
Finished building: MPU6050_driver_2.0.list
 

00:38:58 Build Finished. 0 errors, 0 warnings. (took 988ms)

