15:59:47 **** Incremental Build of configuration Debug for project NRF24L01 ****
make -j12 all 
arm-none-eabi-gcc "../Core/Src/NRF24L01_driver.c" -mcpu=cortex-m4 -std=gnu11 -g3 -DDEBUG -DUSE_HAL_DRIVER -DSTM32F407xx -c -I../Core/Inc -I../Drivers/STM32F4xx_HAL_Driver/Inc -I../Drivers/STM32F4xx_HAL_Driver/Inc/Legacy -I../Drivers/CMSIS/Device/ST/STM32F4xx/Include -I../Drivers/CMSIS/Include -O0 -ffunction-sections -fdata-sections -Wall -fstack-usage -fcyclomatic-complexity -MMD -MP -MF"Core/Src/NRF24L01_driver.d" -MT"Core/Src/NRF24L01_driver.o" --specs=nano.specs -mfpu=fpv4-sp-d16 -mfloat-abi=hard -mthumb -o "Core/Src/NRF24L01_driver.o"
arm-none-eabi-gcc -o "NRF24L01.elf" @"objects.list"   -mcpu=cortex-m4 -T"C:\Users\erkan\STM32CubeIDE\workspace_1.11.2\NRF24L01\STM32F407VGTX_FLASH.ld" --specs=nosys.specs -Wl,-Map="NRF24L01.map" -Wl,--gc-sections -static --specs=nano.specs -mfpu=fpv4-sp-d16 -mfloat-abi=hard -mthumb -Wl,--start-group -lc -lm -Wl,--end-group
Finished building target: NRF24L01.elf
 
arm-none-eabi-size   NRF24L01.elf 
arm-none-eabi-objdump -h -S  NRF24L01.elf  > "NRF24L01.list"
   text	   data	    bss	    dec	    hex	filename
   6488	     20	   1660	   8168	   1fe8	NRF24L01.elf
Finished building: default.size.stdout
 
Finished building: NRF24L01.list
 

15:59:49 Build Finished. 0 errors, 0 warnings. (took 1s.566ms)

