22:12:06 **** Incremental Build of configuration Debug for project PROJE_DENEME_002 ****
make -j12 all 
arm-none-eabi-gcc "../Core/Src/main.c" -mcpu=cortex-m4 -std=gnu11 -g3 -DDEBUG -DUSE_HAL_DRIVER -DSTM32F407xx -c -I../USB_HOST/App -I../USB_HOST/Target -I../Core/Inc -I../Drivers/STM32F4xx_HAL_Driver/Inc -I../Drivers/STM32F4xx_HAL_Driver/Inc/Legacy -I../Middlewares/ST/STM32_USB_Host_Library/Core/Inc -I../Middlewares/ST/STM32_USB_Host_Library/Class/CDC/Inc -I../Drivers/CMSIS/Device/ST/STM32F4xx/Include -I../Drivers/CMSIS/Include -O0 -ffunction-sections -fdata-sections -Wall -fstack-usage -MMD -MP -MF"Core/Src/main.d" -MT"Core/Src/main.o" --specs=nano.specs -mfpu=fpv4-sp-d16 -mfloat-abi=hard -mthumb -o "Core/Src/main.o"
arm-none-eabi-gcc -o "PROJE_DENEME_002.elf" @"objects.list"   -mcpu=cortex-m4 -T"C:\Users\erkan\STM32CubeIDE\workspace_1.11.2\PROJE_DENEME_002\STM32F407VGTX_FLASH.ld" --specs=nosys.specs -Wl,-Map="PROJE_DENEME_002.map" -Wl,--gc-sections -static --specs=nano.specs -mfpu=fpv4-sp-d16 -mfloat-abi=hard -mthumb -Wl,--start-group -lc -lm -Wl,--end-group
Finished building target: PROJE_DENEME_002.elf
 
arm-none-eabi-size   PROJE_DENEME_002.elf 
arm-none-eabi-objdump -h -S  PROJE_DENEME_002.elf  > "PROJE_DENEME_002.list"
   text	   data	    bss	    dec	    hex	filename
  31956	    152	   3592	  35700	   8b74	PROJE_DENEME_002.elf
Finished building: default.size.stdout
 
Finished building: PROJE_DENEME_002.list
 

22:12:07 Build Finished. 0 errors, 0 warnings. (took 1s.64ms)

