20:47:09 **** Incremental Build of configuration Debug for project STM32_PROTEUS_UART_001 ****
make -j12 all 
arm-none-eabi-gcc "../Core/Src/main.c" -mcpu=cortex-m3 -std=gnu11 -g3 -DDEBUG -DUSE_HAL_DRIVER -DSTM32F103x6 -c -I../Core/Inc -I../Drivers/STM32F1xx_HAL_Driver/Inc/Legacy -I../Drivers/STM32F1xx_HAL_Driver/Inc -I../Drivers/CMSIS/Device/ST/STM32F1xx/Include -I../Drivers/CMSIS/Include -O0 -ffunction-sections -fdata-sections -Wall -fstack-usage -fcyclomatic-complexity -MMD -MP -MF"Core/Src/main.d" -MT"Core/Src/main.o" --specs=nano.specs -mfloat-abi=soft -mthumb -o "Core/Src/main.o"
arm-none-eabi-gcc -o "STM32_PROTEUS_UART_001.elf" @"objects.list"   -mcpu=cortex-m3 -T"C:\Users\erkan\STM32CubeIDE\workspace_1.11.2\STM32_PROTEUS_UART_001\STM32F103C6TX_FLASH.ld" --specs=nosys.specs -Wl,-Map="STM32_PROTEUS_UART_001.map" -Wl,--gc-sections -static --specs=nano.specs -mfloat-abi=soft -mthumb -Wl,--start-group -lc -lm -Wl,--end-group
Finished building target: STM32_PROTEUS_UART_001.elf
 
arm-none-eabi-size  STM32_PROTEUS_UART_001.elf 
arm-none-eabi-objdump -h -S STM32_PROTEUS_UART_001.elf  > "STM32_PROTEUS_UART_001.list"
   text	   data	    bss	    dec	    hex	filename
  10948	    168	   1784	  12900	   3264	STM32_PROTEUS_UART_001.elf
arm-none-eabi-objcopy  -O ihex STM32_PROTEUS_UART_001.elf  "STM32_PROTEUS_UART_001.hex"
Finished building: default.size.stdout
 
Finished building: STM32_PROTEUS_UART_001.hex
 
Finished building: STM32_PROTEUS_UART_001.list
 

20:47:10 Build Finished. 0 errors, 0 warnings. (took 789ms)

