20:13:30 **** Incremental Build of configuration Debug for project stm32_tmp36_test2 ****
make -j12 all 
arm-none-eabi-gcc "../Core/Src/main.c" -mcpu=cortex-m3 -std=gnu11 -g3 -DDEBUG -DUSE_HAL_DRIVER -DSTM32F103x6 -c -I../Core/Inc -I../Drivers/STM32F1xx_HAL_Driver/Inc/Legacy -I../Drivers/STM32F1xx_HAL_Driver/Inc -I../Drivers/CMSIS/Device/ST/STM32F1xx/Include -I../Drivers/CMSIS/Include -O0 -ffunction-sections -fdata-sections -Wall -fstack-usage -fcyclomatic-complexity -MMD -MP -MF"Core/Src/main.d" -MT"Core/Src/main.o" --specs=nano.specs -mfloat-abi=soft -mthumb -o "Core/Src/main.o"
arm-none-eabi-gcc -o "stm32_tmp36_test2.elf" @"objects.list"   -mcpu=cortex-m3 -T"C:\Users\erkan\STM32CubeIDE\workspace_1.11.2\stm32_tmp36_test2\STM32F103C6TX_FLASH.ld" --specs=nosys.specs -Wl,-Map="stm32_tmp36_test2.map" -Wl,--gc-sections -static --specs=nano.specs -mfloat-abi=soft -mthumb -u _printf_float -Wl,--start-group -lc -lm -Wl,--end-group
Finished building target: stm32_tmp36_test2.elf
 
arm-none-eabi-size  stm32_tmp36_test2.elf 
arm-none-eabi-objdump -h -S stm32_tmp36_test2.elf  > "stm32_tmp36_test2.list"
arm-none-eabi-objcopy  -O ihex stm32_tmp36_test2.elf  "stm32_tmp36_test2.hex"
   text	   data	    bss	    dec	    hex	filename
  24472	    468	   2084	  27024	   6990	stm32_tmp36_test2.elf
Finished building: default.size.stdout
 
Finished building: stm32_tmp36_test2.hex
 
Finished building: stm32_tmp36_test2.list
 

20:13:32 Build Finished. 0 errors, 0 warnings. (took 2s.406ms)

