01:39:14 **** Incremental Build of configuration Debug for project STM32_HAL_DENEME ****
make -j12 all 
arm-none-eabi-gcc "../Core/Src/main.c" -mcpu=cortex-m4 -std=gnu11 -g3 -DDEBUG -DUSE_HAL_DRIVER -DSTM32F407xx -c -I../Core/Inc -I../Drivers/STM32F4xx_HAL_Driver/Inc -I../Drivers/STM32F4xx_HAL_Driver/Inc/Legacy -I../Drivers/CMSIS/Device/ST/STM32F4xx/Include -I../Drivers/CMSIS/Include -O0 -ffunction-sections -fdata-sections -Wall -fstack-usage -fcyclomatic-complexity -MMD -MP -MF"Core/Src/main.d" -MT"Core/Src/main.o" --specs=nano.specs -mfpu=fpv4-sp-d16 -mfloat-abi=hard -mthumb -o "Core/Src/main.o"
arm-none-eabi-gcc -o "STM32_HAL_DENEME.elf" @"objects.list"   -mcpu=cortex-m4 -T"C:\Users\erkan\STM32CubeIDE\workspace_1.11.2\STM32_HAL_DENEME\STM32F407VGTX_FLASH.ld" --specs=nosys.specs -Wl,-Map="STM32_HAL_DENEME.map" -Wl,--gc-sections -static --specs=nano.specs -mfpu=fpv4-sp-d16 -mfloat-abi=hard -mthumb -Wl,--start-group -lc -lm -Wl,--end-group
Finished building target: STM32_HAL_DENEME.elf
 
arm-none-eabi-size   STM32_HAL_DENEME.elf 
arm-none-eabi-objdump -h -S  STM32_HAL_DENEME.elf  > "STM32_HAL_DENEME.list"
   text	   data	    bss	    dec	    hex	filename
   5796	     20	   1572	   7388	   1cdc	STM32_HAL_DENEME.elf
Finished building: default.size.stdout
 
Finished building: STM32_HAL_DENEME.list
 

01:39:16 Build Finished. 0 errors, 0 warnings. (took 1s.142ms)

