23:31:34 **** Incremental Build of configuration Debug for project TempPresMonitoringReceiveCANBUS ****
make -j12 all 
arm-none-eabi-gcc "../Core/Src/main.c" -mcpu=cortex-m4 -std=gnu11 -g3 -DDEBUG -DUSE_HAL_DRIVER -DSTM32F303xE -c -I../Core/Inc -I../Drivers/STM32F3xx_HAL_Driver/Inc/Legacy -I../Drivers/STM32F3xx_HAL_Driver/Inc -I../Drivers/CMSIS/Device/ST/STM32F3xx/Include -I../Drivers/CMSIS/Include -O0 -ffunction-sections -fdata-sections -Wall -fstack-usage -fcyclomatic-complexity -MMD -MP -MF"Core/Src/main.d" -MT"Core/Src/main.o" --specs=nano.specs -mfpu=fpv4-sp-d16 -mfloat-abi=hard -mthumb -o "Core/Src/main.o"
In file included from ../Core/Src/main.c:25:
../Core/Inc/MCP2515.h:4: warning: ignoring '#pragma anon_unions ' [-Wunknown-pragmas]
    4 | #pragma anon_unions
      | 
arm-none-eabi-gcc -o "TempPresMonitoringReceiveCANBUS.elf" @"objects.list"   -mcpu=cortex-m4 -T"C:\Users\erkan\STM32CubeIDE\workspace_1.11.2\NUCLEO_TEST_001\STM32F303RETX_FLASH.ld" --specs=nosys.specs -Wl,-Map="TempPresMonitoringReceiveCANBUS.map" -Wl,--gc-sections -static --specs=nano.specs -mfpu=fpv4-sp-d16 -mfloat-abi=hard -mthumb -Wl,--start-group -lc -lm -Wl,--end-group
Finished building target: TempPresMonitoringReceiveCANBUS.elf
 
arm-none-eabi-size  TempPresMonitoringReceiveCANBUS.elf 
arm-none-eabi-objdump -h -S TempPresMonitoringReceiveCANBUS.elf  > "TempPresMonitoringReceiveCANBUS.list"
   text	   data	    bss	    dec	    hex	filename
  14372	     12	   1724	  16108	   3eec	TempPresMonitoringReceiveCANBUS.elf
Finished building: default.size.stdout
 
Finished building: TempPresMonitoringReceiveCANBUS.list
 

23:31:35 Build Finished. 0 errors, 1 warnings. (took 929ms)

