23:32:04 **** Incremental Build of configuration Debug for project TempPresMonitoringSendingCANBUS ****
make -j12 all 
arm-none-eabi-gcc "../Core/Src/main.c" -mcpu=cortex-m4 -std=gnu11 -g3 -DDEBUG -DUSE_HAL_DRIVER -DSTM32F407xx -c -I../Core/Inc -I../Drivers/STM32F4xx_HAL_Driver/Inc -I../Drivers/STM32F4xx_HAL_Driver/Inc/Legacy -I../Drivers/CMSIS/Device/ST/STM32F4xx/Include -I../Drivers/CMSIS/Include -O0 -ffunction-sections -fdata-sections -Wall -fstack-usage -fcyclomatic-complexity -MMD -MP -MF"Core/Src/main.d" -MT"Core/Src/main.o" --specs=nano.specs -mfpu=fpv4-sp-d16 -mfloat-abi=hard -mthumb -o "Core/Src/main.o"
In file included from ../Core/Src/main.c:28:
../Core/Inc/MCP2515.h:4: warning: ignoring '#pragma anon_unions ' [-Wunknown-pragmas]
    4 | #pragma anon_unions
      | 
arm-none-eabi-gcc -o "TempPresMonitoringSendingCANBUS.elf" @"objects.list"   -mcpu=cortex-m4 -T"C:\Users\erkan\STM32CubeIDE\workspace_1.11.2\TempPresMonitoringSendingCANBUS\STM32F407VGTX_FLASH.ld" --specs=nosys.specs -Wl,-Map="TempPresMonitoringSendingCANBUS.map" -Wl,--gc-sections -static --specs=nano.specs -mfpu=fpv4-sp-d16 -mfloat-abi=hard -mthumb -Wl,--start-group -lc -lm -Wl,--end-group
C:/ST/STM32CubeIDE_1.11.2/STM32CubeIDE/plugins/com.st.stm32cube.ide.mcu.externaltools.gnu-tools-for-stm32.12.3.rel1.win32_1.0.100.202403111256/tools/bin/../lib/gcc/arm-none-eabi/12.3.1/../../../../arm-none-eabi/bin/ld.exe: warning: TempPresMonitoringSendingCANBUS.elf has a LOAD segment with RWX permissions
Finished building target: TempPresMonitoringSendingCANBUS.elf
 
arm-none-eabi-size  TempPresMonitoringSendingCANBUS.elf 
arm-none-eabi-objdump -h -S TempPresMonitoringSendingCANBUS.elf  > "TempPresMonitoringSendingCANBUS.list"
   text	   data	    bss	    dec	    hex	filename
  10684	     20	   1708	  12412	   307c	TempPresMonitoringSendingCANBUS.elf
Finished building: default.size.stdout
 
Finished building: TempPresMonitoringSendingCANBUS.list
 

23:32:05 Build Finished. 0 errors, 2 warnings. (took 933ms)

