02:04:06 **** Incremental Build of configuration Debug for project TRAFFICLIGHT_FREERTOS ****
make -j12 all 
arm-none-eabi-gcc "../Core/Src/main.c" -mcpu=cortex-m4 -std=gnu11 -g3 -DDEBUG -DUSE_HAL_DRIVER -DSTM32F407xx -c -I../Core/Inc -I../Drivers/STM32F4xx_HAL_Driver/Inc -I../Drivers/STM32F4xx_HAL_Driver/Inc/Legacy -I../Drivers/CMSIS/Device/ST/STM32F4xx/Include -I../Drivers/CMSIS/Include -I../Middlewares/Third_Party/FreeRTOS/Source/include -I../Middlewares/Third_Party/FreeRTOS/Source/CMSIS_RTOS -I../Middlewares/Third_Party/FreeRTOS/Source/portable/GCC/ARM_CM4F -O0 -ffunction-sections -fdata-sections -Wall -fstack-usage -fcyclomatic-complexity -MMD -MP -MF"Core/Src/main.d" -MT"Core/Src/main.o" --specs=nano.specs -mfpu=fpv4-sp-d16 -mfloat-abi=hard -mthumb -o "Core/Src/main.o"
arm-none-eabi-gcc -o "TRAFFICLIGHT_FREERTOS.elf" @"objects.list"   -mcpu=cortex-m4 -T"C:\Users\erkan\STM32CubeIDE\workspace_1.11.2\TRAFFICLIGHT_FREERTOS\STM32F407VGTX_FLASH.ld" --specs=nosys.specs -Wl,-Map="TRAFFICLIGHT_FREERTOS.map" -Wl,--gc-sections -static --specs=nano.specs -mfpu=fpv4-sp-d16 -mfloat-abi=hard -mthumb -Wl,--start-group -lc -lm -Wl,--end-group
Finished building target: TRAFFICLIGHT_FREERTOS.elf
 
arm-none-eabi-size  TRAFFICLIGHT_FREERTOS.elf 
arm-none-eabi-objdump -h -S TRAFFICLIGHT_FREERTOS.elf  > "TRAFFICLIGHT_FREERTOS.list"
   text	   data	    bss	    dec	    hex	filename
  19332	     96	  18352	  37780	   9394	TRAFFICLIGHT_FREERTOS.elf
Finished building: default.size.stdout
 
Finished building: TRAFFICLIGHT_FREERTOS.list
 

02:04:07 Build Finished. 0 errors, 0 warnings. (took 1s.395ms)

