../Core/Src/main.c:89:5:main	8	static
../Core/Src/main.c:154:6:SystemClock_Config	88	static
../Core/Src/main.c:201:13:MX_ADC1_Init	24	static
../Core/Src/main.c:248:13:MX_TIM2_Init	32	static
../Core/Src/main.c:293:13:MX_TIM3_Init	32	static
../Core/Src/main.c:336:13:MX_DMA_Init	16	static
../Core/Src/main.c:354:13:MX_GPIO_Init	32	static
../Core/Src/main.c:383:6:HAL_ADC_ConvCpltCallback	16	static
../Core/Src/main.c:393:6:HAL_TIM_PeriodElapsedCallback	16	static
../Core/Src/main.c:421:6:Error_Handler	4	static,ignoring_inline_asm
