../Core/Src/main.c:103:5:main	72	static
../Core/Src/main.c:213:6:SystemClock_Config	88	static
../Core/Src/main.c:255:13:MX_USART2_UART_Init	8	static
../Core/Src/main.c:288:13:MX_GPIO_Init	40	static
../Core/Src/main.c:372:6:HAL_GPIO_EXTI_Callback	24	static,ignoring_inline_asm
../Core/Src/main.c:386:6:HAL_UART_RxCpltCallback	16	static
../Core/Src/main.c:454:6:StartTask2	24	static
../Core/Src/main.c:486:6:HAL_TIM_PeriodElapsedCallback	16	static
../Core/Src/main.c:503:6:Error_Handler	4	static,ignoring_inline_asm
