../Core/Src/stm32f4xx_it.c:79:6:NMI_Handler	4	static
../Core/Src/stm32f4xx_it.c:94:6:HardFault_Handler	4	static
../Core/Src/stm32f4xx_it.c:109:6:MemManage_Handler	4	static
../Core/Src/stm32f4xx_it.c:124:6:BusFault_Handler	4	static
../Core/Src/stm32f4xx_it.c:139:6:UsageFault_Handler	4	static
../Core/Src/stm32f4xx_it.c:154:6:SVC_Handler	4	static
../Core/Src/stm32f4xx_it.c:167:6:DebugMon_Handler	4	static
../Core/Src/stm32f4xx_it.c:180:6:PendSV_Handler	4	static
../Core/Src/stm32f4xx_it.c:193:6:SysTick_Handler	8	static
../Core/Src/stm32f4xx_it.c:214:6:EXTI0_IRQHandler	8	static
../Core/Src/stm32f4xx_it.c:239:6:CAN1_TX_IRQHandler	8	static
../Core/Src/stm32f4xx_it.c:253:6:CAN1_RX0_IRQHandler	8	static
../Core/Src/stm32f4xx_it.c:267:6:CAN1_RX1_IRQHandler	8	static
../Core/Src/stm32f4xx_it.c:281:6:CAN1_SCE_IRQHandler	8	static
