../Core/Src/fatfs_sd.c:32:13:SELECT	8	static
../Core/Src/fatfs_sd.c:38:13:DESELECT	8	static
../Core/Src/fatfs_sd.c:44:13:SPI_TxByte	16	static
../Core/Src/fatfs_sd.c:51:16:SPI_RxByte	24	static
../Core/Src/fatfs_sd.c:64:13:SPI_RxBytePtr	16	static
../Core/Src/fatfs_sd.c:70:16:SD_ReadyWait	16	static
../Core/Src/fatfs_sd.c:88:13:SD_PowerOn	32	static
../Core/Src/fatfs_sd.c:131:13:SD_PowerOff	4	static
../Core/Src/fatfs_sd.c:137:16:SD_CheckPower	4	static
../Core/Src/fatfs_sd.c:144:13:SD_RxDataBlock	24	static
../Core/Src/fatfs_sd.c:176:13:SD_TxDataBlock	24	static
../Core/Src/fatfs_sd.c:227:13:SD_SendCmd	24	static
../Core/Src/fatfs_sd.c:273:9:SD_disk_initialize	32	static
../Core/Src/fatfs_sd.c:376:9:SD_disk_status	16	static
../Core/Src/fatfs_sd.c:385:9:SD_disk_read	24	static
../Core/Src/fatfs_sd.c:429:9:SD_disk_write	24	static
../Core/Src/fatfs_sd.c:484:9:SD_disk_ioctl	56	static
