Archive member included to satisfy reference by file (symbol)

C:/ST/STM32CubeIDE_1.11.2/STM32CubeIDE/plugins/com.st.stm32cube.ide.mcu.externaltools.gnu-tools-for-stm32.11.3.rel1.win32_1.1.1.202309131626/tools/bin/../lib/gcc/arm-none-eabi/11.3.1/../../../../arm-none-eabi/lib/thumb/v7e-m+fp/hard\libc_nano.a(libc_a-exit.o)
                              C:/ST/STM32CubeIDE_1.11.2/STM32CubeIDE/plugins/com.st.stm32cube.ide.mcu.externaltools.gnu-tools-for-stm32.11.3.rel1.win32_1.1.1.202309131626/tools/bin/../lib/gcc/arm-none-eabi/11.3.1/../../../../arm-none-eabi/lib/thumb/v7e-m+fp/hard/crt0.o (exit)
C:/ST/STM32CubeIDE_1.11.2/STM32CubeIDE/plugins/com.st.stm32cube.ide.mcu.externaltools.gnu-tools-for-stm32.11.3.rel1.win32_1.1.1.202309131626/tools/bin/../lib/gcc/arm-none-eabi/11.3.1/../../../../arm-none-eabi/lib/thumb/v7e-m+fp/hard\libc_nano.a(libc_a-findfp.o)
                              C:/ST/STM32CubeIDE_1.11.2/STM32CubeIDE/plugins/com.st.stm32cube.ide.mcu.externaltools.gnu-tools-for-stm32.11.3.rel1.win32_1.1.1.202309131626/tools/bin/../lib/gcc/arm-none-eabi/11.3.1/../../../../arm-none-eabi/lib/thumb/v7e-m+fp/hard\libc_nano.a(libc_a-exit.o) (__stdio_exit_handler)
C:/ST/STM32CubeIDE_1.11.2/STM32CubeIDE/plugins/com.st.stm32cube.ide.mcu.externaltools.gnu-tools-for-stm32.11.3.rel1.win32_1.1.1.202309131626/tools/bin/../lib/gcc/arm-none-eabi/11.3.1/../../../../arm-none-eabi/lib/thumb/v7e-m+fp/hard\libc_nano.a(libc_a-fwalk.o)
                              C:/ST/STM32CubeIDE_1.11.2/STM32CubeIDE/plugins/com.st.stm32cube.ide.mcu.externaltools.gnu-tools-for-stm32.11.3.rel1.win32_1.1.1.202309131626/tools/bin/../lib/gcc/arm-none-eabi/11.3.1/../../../../arm-none-eabi/lib/thumb/v7e-m+fp/hard\libc_nano.a(libc_a-findfp.o) (_fwalk_sglue)
C:/ST/STM32CubeIDE_1.11.2/STM32CubeIDE/plugins/com.st.stm32cube.ide.mcu.externaltools.gnu-tools-for-stm32.11.3.rel1.win32_1.1.1.202309131626/tools/bin/../lib/gcc/arm-none-eabi/11.3.1/../../../../arm-none-eabi/lib/thumb/v7e-m+fp/hard\libc_nano.a(libc_a-stdio.o)
                              C:/ST/STM32CubeIDE_1.11.2/STM32CubeIDE/plugins/com.st.stm32cube.ide.mcu.externaltools.gnu-tools-for-stm32.11.3.rel1.win32_1.1.1.202309131626/tools/bin/../lib/gcc/arm-none-eabi/11.3.1/../../../../arm-none-eabi/lib/thumb/v7e-m+fp/hard\libc_nano.a(libc_a-findfp.o) (__sread)
C:/ST/STM32CubeIDE_1.11.2/STM32CubeIDE/plugins/com.st.stm32cube.ide.mcu.externaltools.gnu-tools-for-stm32.11.3.rel1.win32_1.1.1.202309131626/tools/bin/../lib/gcc/arm-none-eabi/11.3.1/../../../../arm-none-eabi/lib/thumb/v7e-m+fp/hard\libc_nano.a(libc_a-memset.o)
                              C:/ST/STM32CubeIDE_1.11.2/STM32CubeIDE/plugins/com.st.stm32cube.ide.mcu.externaltools.gnu-tools-for-stm32.11.3.rel1.win32_1.1.1.202309131626/tools/bin/../lib/gcc/arm-none-eabi/11.3.1/../../../../arm-none-eabi/lib/thumb/v7e-m+fp/hard/crt0.o (memset)
C:/ST/STM32CubeIDE_1.11.2/STM32CubeIDE/plugins/com.st.stm32cube.ide.mcu.externaltools.gnu-tools-for-stm32.11.3.rel1.win32_1.1.1.202309131626/tools/bin/../lib/gcc/arm-none-eabi/11.3.1/../../../../arm-none-eabi/lib/thumb/v7e-m+fp/hard\libc_nano.a(libc_a-closer.o)
                              C:/ST/STM32CubeIDE_1.11.2/STM32CubeIDE/plugins/com.st.stm32cube.ide.mcu.externaltools.gnu-tools-for-stm32.11.3.rel1.win32_1.1.1.202309131626/tools/bin/../lib/gcc/arm-none-eabi/11.3.1/../../../../arm-none-eabi/lib/thumb/v7e-m+fp/hard\libc_nano.a(libc_a-stdio.o) (_close_r)
C:/ST/STM32CubeIDE_1.11.2/STM32CubeIDE/plugins/com.st.stm32cube.ide.mcu.externaltools.gnu-tools-for-stm32.11.3.rel1.win32_1.1.1.202309131626/tools/bin/../lib/gcc/arm-none-eabi/11.3.1/../../../../arm-none-eabi/lib/thumb/v7e-m+fp/hard\libc_nano.a(libc_a-reent.o)
                              C:/ST/STM32CubeIDE_1.11.2/STM32CubeIDE/plugins/com.st.stm32cube.ide.mcu.externaltools.gnu-tools-for-stm32.11.3.rel1.win32_1.1.1.202309131626/tools/bin/../lib/gcc/arm-none-eabi/11.3.1/../../../../arm-none-eabi/lib/thumb/v7e-m+fp/hard\libc_nano.a(libc_a-closer.o) (errno)
C:/ST/STM32CubeIDE_1.11.2/STM32CubeIDE/plugins/com.st.stm32cube.ide.mcu.externaltools.gnu-tools-for-stm32.11.3.rel1.win32_1.1.1.202309131626/tools/bin/../lib/gcc/arm-none-eabi/11.3.1/../../../../arm-none-eabi/lib/thumb/v7e-m+fp/hard\libc_nano.a(libc_a-impure.o)
                              C:/ST/STM32CubeIDE_1.11.2/STM32CubeIDE/plugins/com.st.stm32cube.ide.mcu.externaltools.gnu-tools-for-stm32.11.3.rel1.win32_1.1.1.202309131626/tools/bin/../lib/gcc/arm-none-eabi/11.3.1/../../../../arm-none-eabi/lib/thumb/v7e-m+fp/hard\libc_nano.a(libc_a-reent.o) (_impure_ptr)
C:/ST/STM32CubeIDE_1.11.2/STM32CubeIDE/plugins/com.st.stm32cube.ide.mcu.externaltools.gnu-tools-for-stm32.11.3.rel1.win32_1.1.1.202309131626/tools/bin/../lib/gcc/arm-none-eabi/11.3.1/../../../../arm-none-eabi/lib/thumb/v7e-m+fp/hard\libc_nano.a(libc_a-lseekr.o)
[...]
Memory Configuration

Name             Origin             Length             Attributes
CCMRAM           0x0000000010000000 0x0000000000010000 xrw
RAM              0x0000000020000000 0x0000000000020000 xrw
FLASH            0x0000000008000000 0x0000000000100000 xr
*default*        0x0000000000000000 0xffffffffffffffff

Linker script and memory map

LOAD C:/ST/STM32CubeIDE_1.11.2/STM32CubeIDE/plugins/com.st.stm32cube.ide.mcu.externaltools.gnu-tools-for-stm32.11.3.rel1.win32_1.1.1.202309131626/tools/bin/../lib/gcc/arm-none-eabi/11.3.1/thumb/v7e-m+fp/hard/crti.o
LOAD C:/ST/STM32CubeIDE_1.11.2/STM32CubeIDE/plugins/com.st.stm32cube.ide.mcu.externaltools.gnu-tools-for-stm32.11.3.rel1.win32_1.1.1.202309131626/tools/bin/../lib/gcc/arm-none-eabi/11.3.1/thumb/v7e-m+fp/hard/crtbegin.o
LOAD C:/ST/STM32CubeIDE_1.11.2/STM32CubeIDE/plugins/com.st.stm32cube.ide.mcu.externaltools.gnu-tools-for-stm32.11.3.rel1.win32_1.1.1.202309131626/tools/bin/../lib/gcc/arm-none-eabi/11.3.1/../../../../arm-none-eabi/lib/thumb/v7e-m+fp/hard/crt0.o
LOAD ./Core/Src/fatfs_sd.o
LOAD ./Core/Src/main.o
LOAD ./Core/Src/stm32f4xx_hal_msp.o
LOAD ./Core/Src/stm32f4xx_it.o
LOAD ./Core/Src/syscalls.o
LOAD ./Core/Src/sysmem.o
LOAD ./Core/Src/system_stm32f4xx.o
LOAD ./Core/Startup/startup_stm32f407vgtx.o
LOAD ./Drivers/STM32F4xx_HAL_Driver/Src/stm32f4xx_hal.o
LOAD ./Drivers/STM32F4xx_HAL_Driver/Src/stm32f4xx_hal_cortex.o
LOAD ./Drivers/STM32F4xx_HAL_Driver/Src/stm32f4xx_hal_dma.o
LOAD ./Drivers/STM32F4xx_HAL_Driver/Src/stm32f4xx_hal_dma_ex.o
LOAD ./Drivers/STM32F4xx_HAL_Driver/Src/stm32f4xx_hal_exti.o
LOAD ./Drivers/STM32F4xx_HAL_Driver/Src/stm32f4xx_hal_flash.o
LOAD ./Drivers/STM32F4xx_HAL_Driver/Src/stm32f4xx_hal_flash_ex.o
LOAD ./Drivers/STM32F4xx_HAL_Driver/Src/stm32f4xx_hal_flash_ramfunc.o
LOAD ./Drivers/STM32F4xx_HAL_Driver/Src/stm32f4xx_hal_gpio.o
LOAD ./Drivers/STM32F4xx_HAL_Driver/Src/stm32f4xx_hal_pwr.o
LOAD ./Drivers/STM32F4xx_HAL_Driver/Src/stm32f4xx_hal_pwr_ex.o
LOAD ./Drivers/STM32F4xx_HAL_Driver/Src/stm32f4xx_hal_rcc.o
LOAD ./Drivers/STM32F4xx_HAL_Driver/Src/stm32f4xx_hal_rcc_ex.o
LOAD ./Drivers/STM32F4xx_HAL_Driver/Src/stm32f4xx_hal_spi.o
LOAD ./Drivers/STM32F4xx_HAL_Driver/Src/stm32f4xx_hal_tim.o
LOAD ./Drivers/STM32F4xx_HAL_Driver/Src/stm32f4xx_hal_tim_ex.o
LOAD ./FATFS/App/fatfs.o
LOAD ./FATFS/Target/user_diskio.o
LOAD ./Middlewares/Third_Party/FatFs/src/diskio.o
LOAD ./Middlewares/Third_Party/FatFs/src/ff.o
LOAD ./Middlewares/Third_Party/FatFs/src/ff_gen_drv.o
LOAD ./Middlewares/Third_Party/FatFs/src/option/ccsbcs.o
LOAD ./Middlewares/Third_Party/FatFs/src/option/syscall.o
START GROUP
LOAD C:/ST/STM32CubeIDE_1.11.2/STM32CubeIDE/plugins/com.st.stm32cube.ide.mcu.externaltools.gnu-tools-for-stm32.11.3.rel1.win32_1.1.1.202309131626/tools/bin/../lib/gcc/arm-none-eabi/11.3.1/../../../../arm-none-eabi/lib/thumb/v7e-m+fp/hard\libc_nano.a
LOAD C:/ST/STM32CubeIDE_1.11.2/STM32CubeIDE/plugins/com.st.stm32cube.ide.mcu.externaltools.gnu-tools-for-stm32.11.3.rel1.win32_1.1.1.202309131626/tools/bin/../lib/gcc/arm-none-eabi/11.3.1/../../../../arm-none-eabi/lib/thumb/v7e-m+fp/hard\libm.a
END GROUP
START GROUP
LOAD C:/ST/STM32CubeIDE_1.11.2/STM32CubeIDE/plugins/com.st.stm32cube.ide.mcu.externaltools.gnu-tools-for-stm32.11.3.rel1.win32_1.1.1.202309131626/tools/bin/../lib/gcc/arm-none-eabi/11.3.1/thumb/v7e-m+fp/hard\libgcc.a
LOAD C:/ST/STM32CubeIDE_1.11.2/STM32CubeIDE/plugins/com.st.stm32cube.ide.mcu.externaltools.gnu-tools-for-stm32.11.3.rel1.win32_1.1.1.202309131626/tools/bin/../lib/gcc/arm-none-eabi/11.3.1/../../../../arm-none-eabi/lib/thumb/v7e-m+fp/hard\libc_nano.a
END GROUP
START GROUP
LOAD C:/ST/STM32CubeIDE_1.11.2/STM32CubeIDE/plugins/com.st.stm32cube.ide.mcu.externaltools.gnu-tools-for-stm32.11.3.rel1.win32_1.1.1.202309131626/tools/bin/../lib/gcc/arm-none-eabi/11.3.1/thumb/v7e-m+fp/hard\libgcc.a
LOAD C:/ST/STM32CubeIDE_1.11.2/STM32CubeIDE/plugins/com.st.stm32cube.ide.mcu.externaltools.gnu-tools-for-stm32.11.3.rel1.win32_1.1.1.202309131626/tools/bin/../lib/gcc/arm-none-eabi/11.3.1/../../../../arm-none-eabi/lib/thumb/v7e-m+fp/hard\libc_nano.a
LOAD C:/ST/STM32CubeIDE_1.11.2/STM32CubeIDE/plugins/com.st.stm32cube.ide.mcu.externaltools.gnu-tools-for-stm32.11.3.rel1.win32_1.1.1.202309131626/tools/bin/../lib/gcc/arm-none-eabi/11.3.1/../../../../arm-none-eabi/lib/thumb/v7e-m+fp/hard\libnosys.a
END GROUP
START GROUP
LOAD C:/ST/STM32CubeIDE_1.11.2/STM32CubeIDE/plugins/com.st.stm32cube.ide.mcu.externaltools.gnu-tools-for-stm32.11.3.rel1.win32_1.1.1.202309131626/tools/bin/../lib/gcc/arm-none-eabi/11.3.1/thumb/v7e-m+fp/hard\libgcc.a
LOAD C:/ST/STM32CubeIDE_1.11.2/STM32CubeIDE/plugins/com.st.stm32cube.ide.mcu.externaltools.gnu-tools-for-stm32.11.3.rel1.win32_1.1.1.202309131626/tools/bin/../lib/gcc/arm-none-eabi/11.3.1/../../../../arm-none-eabi/lib/thumb/v7e-m+fp/hard\libc_nano.a
LOAD C:/ST/STM32CubeIDE_1.11.2/STM32CubeIDE/plugins/com.st.stm32cube.ide.mcu.externaltools.gnu-tools-for-stm32.11.3.rel1.win32_1.1.1.202309131626/tools/bin/../lib/gcc/arm-none-eabi/11.3.1/../../../../arm-none-eabi/lib/thumb/v7e-m+fp/hard\libnosys.a
END GROUP
LOAD C:/ST/STM32CubeIDE_1.11.2/STM32CubeIDE/plugins/com.st.stm32cube.ide.mcu.externaltools.gnu-tools-for-stm32.11.3.rel1.win32_1.1.1.202309131626/tools/bin/../lib/gcc/arm-none-eabi/11.3.1/thumb/v7e-m+fp/hard/crtend.o
LOAD C:/ST/STM32CubeIDE_1.11.2/STM32CubeIDE/plugins/com.st.stm32cube.ide.mcu.externaltools.gnu-tools-for-stm32.11.3.rel1.win32_1.1.1.202309131626/tools/bin/../lib/gcc/arm-none-eabi/11.3.1/thumb/v7e-m+fp/hard/crtn.o
                0x0000000020020000                _estack = (ORIGIN (RAM) + LENGTH (RAM))
                0x0000000000000200                _Min_Heap_Size = 0x200
                0x0000000000000400                _Min_Stack_Size = 0x400

.isr_vector     0x0000000008000000      0x188
                0x0000000008000000                . = ALIGN (0x4)
 *(.isr_vector)
 .isr_vector    0x0000000008000000      0x188 ./Core/Startup/startup_stm32f407vgtx.o
                0x0000000008000000                g_pfnVectors
                0x0000000008000188                . = ALIGN (0x4)

.text           0x0000000008000188     0x61e0
                0x0000000008000188                . = ALIGN (0x4)
 *(.text)
 .text          0x0000000008000188       0x40 C:/ST/STM32CubeIDE_1.11.2/STM32CubeIDE/plugins/com.st.stm32cube.ide.mcu.externaltools.gnu-tools-for-stm32.11.3.rel1.win32_1.1.1.202309131626/tools/bin/../lib/gcc/arm-none-eabi/11.3.1/thumb/v7e-m+fp/hard/crtbegin.o
 .text          0x00000000080001c8      0x254 C:/ST/STM32CubeIDE_1.11.2/STM32CubeIDE/plugins/com.st.stm32cube.ide.mcu.externaltools.gnu-tools-for-stm32.11.3.rel1.win32_1.1.1.202309131626/tools/bin/../lib/gcc/arm-none-eabi/11.3.1/thumb/v7e-m+fp/hard\libgcc.a(_arm_muldf3.o)
                0x00000000080001c8                __muldf3
                0x00000000080001c8                __aeabi_dmul
 .text          0x000000000800041c      0x378 C:/ST/STM32CubeIDE_1.11.2/STM32CubeIDE/plugins/com.st.stm32cube.ide.mcu.externaltools.gnu-tools-for-stm32.11.3.rel1.win32_1.1.1.202309131626/tools/bin/../lib/gcc/arm-none-eabi/11.3.1/thumb/v7e-m+fp/hard\libgcc.a(_arm_addsubdf3.o)
                0x000000000800041c                __aeabi_drsub
                0x0000000008000424                __aeabi_dsub
                0x0000000008000424                __subdf3
                0x0000000008000428                __aeabi_dadd
                0x0000000008000428                __adddf3
                0x00000000080006a0                __floatunsidf
                0x00000000080006a0                __aeabi_ui2d
                0x00000000080006c0                __floatsidf
                0x00000000080006c0                __aeabi_i2d
                0x00000000080006e4                __aeabi_f2d
                0x00000000080006e4                __extendsfdf2
                0x0000000008000728                __floatundidf
                0x0000000008000728                __aeabi_ul2d
                0x0000000008000738                __floatdidf
                0x0000000008000738                __aeabi_l2d
 .text          0x0000000008000794       0x40 C:/ST/STM32CubeIDE_1.11.2/STM32CubeIDE/plugins/com.st.stm32cube.ide.mcu.externaltools.gnu-tools-for-stm32.11.3.rel1.win32_1.1.1.202309131626/tools/bin/../lib/gcc/arm-none-eabi/11.3.1/thumb/v7e-m+fp/hard\libgcc.a(_arm_fixunsdfsi.o)
                0x0000000008000794                __aeabi_d2uiz
                0x0000000008000794                __fixunsdfsi
 .text          0x00000000080007d4       0x30 C:/ST/STM32CubeIDE_1.11.2/STM32CubeIDE/plugins/com.st.stm32cube.ide.mcu.externaltools.gnu-tools-for-stm32.11.3.rel1.win32_1.1.1.202309131626/tools/bin/../lib/gcc/arm-none-eabi/11.3.1/thumb/v7e-m+fp/hard\libgcc.a(_aeabi_uldivmod.o)
                0x00000000080007d4                __aeabi_uldivmod
 .text          0x0000000008000804      0x2c8 C:/ST/STM32CubeIDE_1.11.2/STM32CubeIDE/plugins/com.st.stm32cube.ide.mcu.externaltools.gnu-tools-for-stm32.11.3.rel1.win32_1.1.1.202309131626/tools/bin/../lib/gcc/arm-none-eabi/11.3.1/thumb/v7e-m+fp/hard\libgcc.a(_udivmoddi4.o)
                0x0000000008000804                __udivmoddi4
 .text          0x0000000008000acc        0x4 C:/ST/STM32CubeIDE_1.11.2/STM32CubeIDE/plugins/com.st.stm32cube.ide.mcu.externaltools.gnu-tools-for-stm32.11.3.rel1.win32_1.1.1.202309131626/tools/bin/../lib/gcc/arm-none-eabi/11.3.1/thumb/v7e-m+fp/hard\libgcc.a(_dvmd_tls.o)
                0x0000000008000acc                __aeabi_idiv0
                0x0000000008000acc                __aeabi_ldiv0
 *(.text*)
 .text.SELECT   0x0000000008000ad0       0x18 ./Core/Src/fatfs_sd.o
 .text.DESELECT
                0x0000000008000ae8       0x18 ./Core/Src/fatfs_sd.o
 .text.SPI_TxByte
                0x0000000008000b00       0x34 ./Core/Src/fatfs_sd.o
 .text.SPI_RxByte
                0x0000000008000b34       0x3c ./Core/Src/fatfs_sd.o
 .text.SPI_RxBytePtr
                0x0000000008000b70       0x1c ./Core/Src/fatfs_sd.o
 .text.SD_ReadyWait
                0x0000000008000b8c       0x38 ./Core/Src/fatfs_sd.o
 .text.SD_PowerOn
                0x0000000008000bc4       0x98 ./Core/Src/fatfs_sd.o
 .text.SD_PowerOff
                0x0000000008000c5c       0x18 ./Core/Src/fatfs_sd.o
 .text.SD_CheckPower
                0x0000000008000c74       0x18 ./Core/Src/fatfs_sd.o
 .text.SD_RxDataBlock
                0x0000000008000c8c       0x6c ./Core/Src/fatfs_sd.o
 .text.SD_TxDataBlock
                0x0000000008000cf8       0xa8 ./Core/Src/fatfs_sd.o
 .text.SD_SendCmd
                0x0000000008000da0       0xa4 ./Core/Src/fatfs_sd.o
 .text.SD_disk_initialize
                0x0000000008000e44      0x1d4 ./Core/Src/fatfs_sd.o
                0x0000000008000e44                SD_disk_initialize
 .text.SD_disk_status
                0x0000000008001018       0x2c ./Core/Src/fatfs_sd.o
                0x0000000008001018                SD_disk_status
 .text.SD_disk_read
                0x0000000008001044       0xd4 ./Core/Src/fatfs_sd.o
                0x0000000008001044                SD_disk_read
 .text.SD_disk_write
                0x0000000008001118      0x108 ./Core/Src/fatfs_sd.o
                0x0000000008001118                SD_disk_write
 .text.SD_disk_ioctl
                0x0000000008001220      0x264 ./Core/Src/fatfs_sd.o
                0x0000000008001220                SD_disk_ioctl
 .text.main     0x0000000008001484       0xf4 ./Core/Src/main.o
                0x0000000008001484                main
 .text.SystemClock_Config
                0x0000000008001578       0xd4 ./Core/Src/main.o
                0x0000000008001578                SystemClock_Config
 .text.MX_SPI1_Init
                0x000000000800164c       0x6c ./Core/Src/main.o
 .text.MX_GPIO_Init
                0x00000000080016b8       0xa0 ./Core/Src/main.o
 .text.Error_Handler
                0x0000000008001758        0xa ./Core/Src/main.o
                0x0000000008001758                Error_Handler
 *fill*         0x0000000008001762        0x2 
 .text.HAL_MspInit
                0x0000000008001764       0x50 ./Core/Src/stm32f4xx_hal_msp.o
                0x0000000008001764                HAL_MspInit
 .text.HAL_SPI_MspInit
                0x00000000080017b4       0x90 ./Core/Src/stm32f4xx_hal_msp.o
                0x00000000080017b4                HAL_SPI_MspInit
 .text.SDTimer_Handler
                0x0000000008001844       0x48 ./Core/Src/stm32f4xx_it.o
                0x0000000008001844                SDTimer_Handler
 .text.NMI_Handler
                0x000000000800188c        0x6 ./Core/Src/stm32f4xx_it.o
                0x000000000800188c                NMI_Handler
 .text.HardFault_Handler
                0x0000000008001892        0x6 ./Core/Src/stm32f4xx_it.o
                0x0000000008001892                HardFault_Handler
 .text.MemManage_Handler
                0x0000000008001898        0x6 ./Core/Src/stm32f4xx_it.o
                0x0000000008001898                MemManage_Handler
 .text.BusFault_Handler
                0x000000000800189e        0x6 ./Core/Src/stm32f4xx_it.o
                0x000000000800189e                BusFault_Handler
 .text.UsageFault_Handler
                0x00000000080018a4        0x6 ./Core/Src/stm32f4xx_it.o
                0x00000000080018a4                UsageFault_Handler
 .text.SVC_Handler
                0x00000000080018aa        0xe ./Core/Src/stm32f4xx_it.o
                0x00000000080018aa                SVC_Handler
 .text.DebugMon_Handler
                0x00000000080018b8        0xe ./Core/Src/stm32f4xx_it.o
                0x00000000080018b8                DebugMon_Handler
 .text.PendSV_Handler
                0x00000000080018c6        0xe ./Core/Src/stm32f4xx_it.o
                0x00000000080018c6                PendSV_Handler
 .text.SysTick_Handler
                0x00000000080018d4       0x34 ./Core/Src/stm32f4xx_it.o
                0x00000000080018d4                SysTick_Handler
 .text.SystemInit
                0x0000000008001908       0x24 ./Core/Src/system_stm32f4xx.o
                0x0000000008001908                SystemInit
 .text.Reset_Handler
                0x000000000800192c       0x50 ./Core/Startup/startup_stm32f407vgtx.o
                0x000000000800192c                Reset_Handler
 .text.Default_Handler
                0x000000000800197c        0x2 ./Core/Startup/startup_stm32f407vgtx.o
                0x000000000800197c                RTC_Alarm_IRQHandler
                0x000000000800197c                HASH_RNG_IRQHandler
                0x000000000800197c                EXTI2_IRQHandler
                0x000000000800197c                TIM8_CC_IRQHandler
                0x000000000800197c                TIM1_CC_IRQHandler
                0x000000000800197c                DMA2_Stream5_IRQHandler
                0x000000000800197c                DMA1_Stream5_IRQHandler
                0x000000000800197c                PVD_IRQHandler
                0x000000000800197c                SDIO_IRQHandler
                0x000000000800197c                TAMP_STAMP_IRQHandler
                0x000000000800197c                CAN2_RX1_IRQHandler
                0x000000000800197c                EXTI3_IRQHandler
                0x000000000800197c                TIM8_TRG_COM_TIM14_IRQHandler
                0x000000000800197c                TIM1_UP_TIM10_IRQHandler
                0x000000000800197c                TIM8_UP_TIM13_IRQHandler
                0x000000000800197c                I2C3_ER_IRQHandler
                0x000000000800197c                EXTI0_IRQHandler
                0x000000000800197c                I2C2_EV_IRQHandler
                0x000000000800197c                DMA1_Stream2_IRQHandler
                0x000000000800197c                CAN1_RX0_IRQHandler
                0x000000000800197c                FPU_IRQHandler
                0x000000000800197c                OTG_HS_WKUP_IRQHandler
                0x000000000800197c                CAN2_SCE_IRQHandler
                0x000000000800197c                DMA2_Stream2_IRQHandler
                0x000000000800197c                SPI1_IRQHandler
                0x000000000800197c                TIM6_DAC_IRQHandler
                0x000000000800197c                TIM1_BRK_TIM9_IRQHandler
                0x000000000800197c                DCMI_IRQHandler
                0x000000000800197c                CAN2_RX0_IRQHandler
                0x000000000800197c                DMA2_Stream3_IRQHandler
                0x000000000800197c                USART6_IRQHandler
                0x000000000800197c                USART3_IRQHandler
                0x000000000800197c                CAN1_RX1_IRQHandler
                0x000000000800197c                UART5_IRQHandler
                0x000000000800197c                DMA2_Stream0_IRQHandler
                0x000000000800197c                TIM4_IRQHandler
                0x000000000800197c                I2C1_EV_IRQHandler
                0x000000000800197c                DMA1_Stream6_IRQHandler
                0x000000000800197c                DMA1_Stream1_IRQHandler
                0x000000000800197c                UART4_IRQHandler
                0x000000000800197c                TIM3_IRQHandler
                0x000000000800197c                RCC_IRQHandler
                0x000000000800197c                TIM8_BRK_TIM12_IRQHandler
                0x000000000800197c                Default_Handler
                0x000000000800197c                EXTI15_10_IRQHandler
                0x000000000800197c                ADC_IRQHandler
                0x000000000800197c                DMA1_Stream7_IRQHandler
                0x000000000800197c                TIM7_IRQHandler
                0x000000000800197c                CAN2_TX_IRQHandler
                0x000000000800197c                TIM5_IRQHandler
                0x000000000800197c                DMA2_Stream7_IRQHandler
                0x000000000800197c                I2C3_EV_IRQHandler
                0x000000000800197c                EXTI9_5_IRQHandler
                0x000000000800197c                RTC_WKUP_IRQHandler
                0x000000000800197c                ETH_WKUP_IRQHandler
                0x000000000800197c                SPI2_IRQHandler
                0x000000000800197c                OTG_HS_EP1_IN_IRQHandler
                0x000000000800197c                DMA1_Stream0_IRQHandler
                0x000000000800197c                CAN1_TX_IRQHandler
                0x000000000800197c                EXTI4_IRQHandler
                0x000000000800197c                FSMC_IRQHandler
                0x000000000800197c                ETH_IRQHandler
                0x000000000800197c                OTG_HS_EP1_OUT_IRQHandler
                0x000000000800197c                WWDG_IRQHandler
                0x000000000800197c                TIM2_IRQHandler
                0x000000000800197c                OTG_FS_WKUP_IRQHandler
                0x000000000800197c                TIM1_TRG_COM_TIM11_IRQHandler
                0x000000000800197c                OTG_HS_IRQHandler
                0x000000000800197c                EXTI1_IRQHandler
                0x000000000800197c                USART2_IRQHandler
                0x000000000800197c                I2C2_ER_IRQHandler
                0x000000000800197c                DMA2_Stream1_IRQHandler
                0x000000000800197c                CAN1_SCE_IRQHandler
                0x000000000800197c                FLASH_IRQHandler
                0x000000000800197c                DMA2_Stream4_IRQHandler
                0x000000000800197c                USART1_IRQHandler
                0x000000000800197c                OTG_FS_IRQHandler
                0x000000000800197c                SPI3_IRQHandler
                0x000000000800197c                DMA1_Stream4_IRQHandler
                0x000000000800197c                I2C1_ER_IRQHandler
                0x000000000800197c                DMA2_Stream6_IRQHandler
                0x000000000800197c                DMA1_Stream3_IRQHandler
 *fill*         0x000000000800197e        0x2 
 .text.HAL_Init
                0x0000000008001980       0x44 ./Drivers/STM32F4xx_HAL_Driver/Src/stm32f4xx_hal.o
                0x0000000008001980                HAL_Init
 .text.HAL_InitTick
                0x00000000080019c4       0x60 ./Drivers/STM32F4xx_HAL_Driver/Src/stm32f4xx_hal.o
                0x00000000080019c4                HAL_InitTick
 .text.HAL_IncTick
                0x0000000008001a24       0x28 ./Drivers/STM32F4xx_HAL_Driver/Src/stm32f4xx_hal.o
                0x0000000008001a24                HAL_IncTick
 .text.HAL_GetTick
                0x0000000008001a4c       0x18 ./Drivers/STM32F4xx_HAL_Driver/Src/stm32f4xx_hal.o
                0x0000000008001a4c                HAL_GetTick
 .text.__NVIC_SetPriorityGrouping
                0x0000000008001a64       0x48 ./Drivers/STM32F4xx_HAL_Driver/Src/stm32f4xx_hal_cortex.o
 .text.__NVIC_GetPriorityGrouping
                0x0000000008001aac       0x1c ./Drivers/STM32F4xx_HAL_Driver/Src/stm32f4xx_hal_cortex.o
 .text.__NVIC_SetPriority
                0x0000000008001ac8       0x54 ./Drivers/STM32F4xx_HAL_Driver/Src/stm32f4xx_hal_cortex.o
 .text.NVIC_EncodePriority
                0x0000000008001b1c       0x66 ./Drivers/STM32F4xx_HAL_Driver/Src/stm32f4xx_hal_cortex.o
 *fill*         0x0000000008001b82        0x2 
 .text.SysTick_Config
                0x0000000008001b84       0x44 ./Drivers/STM32F4xx_HAL_Driver/Src/stm32f4xx_hal_cortex.o
 .text.HAL_NVIC_SetPriorityGrouping
                0x0000000008001bc8       0x16 ./Drivers/STM32F4xx_HAL_Driver/Src/stm32f4xx_hal_cortex.o
                0x0000000008001bc8                HAL_NVIC_SetPriorityGrouping
 .text.HAL_NVIC_SetPriority
                0x0000000008001bde       0x38 ./Drivers/STM32F4xx_HAL_Driver/Src/stm32f4xx_hal_cortex.o
                0x0000000008001bde                HAL_NVIC_SetPriority
 .text.HAL_SYSTICK_Config
                0x0000000008001c16       0x18 ./Drivers/STM32F4xx_HAL_Driver/Src/stm32f4xx_hal_cortex.o
                0x0000000008001c16                HAL_SYSTICK_Config
 *fill*         0x0000000008001c2e        0x2 
 .text.HAL_GPIO_Init
                0x0000000008001c30      0x338 ./Drivers/STM32F4xx_HAL_Driver/Src/stm32f4xx_hal_gpio.o
                0x0000000008001c30                HAL_GPIO_Init
 .text.HAL_GPIO_WritePin
                0x0000000008001f68       0x32 ./Drivers/STM32F4xx_HAL_Driver/Src/stm32f4xx_hal_gpio.o
                0x0000000008001f68                HAL_GPIO_WritePin
 *fill*         0x0000000008001f9a        0x2 
 .text.HAL_RCC_OscConfig
                0x0000000008001f9c      0x4f0 ./Drivers/STM32F4xx_HAL_Driver/Src/stm32f4xx_hal_rcc.o
                0x0000000008001f9c                HAL_RCC_OscConfig
 .text.HAL_RCC_ClockConfig
                0x000000000800248c      0x1cc ./Drivers/STM32F4xx_HAL_Driver/Src/stm32f4xx_hal_rcc.o
                0x000000000800248c                HAL_RCC_ClockConfig
 .text.HAL_RCC_GetSysClockFreq
                0x0000000008002658      0x20c ./Drivers/STM32F4xx_HAL_Driver/Src/stm32f4xx_hal_rcc.o
                0x0000000008002658                HAL_RCC_GetSysClockFreq
 .text.HAL_SPI_Init
                0x0000000008002864      0x112 ./Drivers/STM32F4xx_HAL_Driver/Src/stm32f4xx_hal_spi.o
                0x0000000008002864                HAL_SPI_Init
 .text.HAL_SPI_Transmit
                0x0000000008002976      0x278 ./Drivers/STM32F4xx_HAL_Driver/Src/stm32f4xx_hal_spi.o
                0x0000000008002976                HAL_SPI_Transmit
 .text.HAL_SPI_TransmitReceive
                0x0000000008002bee      0x344 ./Drivers/STM32F4xx_HAL_Driver/Src/stm32f4xx_hal_spi.o
                0x0000000008002bee                HAL_SPI_TransmitReceive
 .text.HAL_SPI_GetState
                0x0000000008002f32       0x1c ./Drivers/STM32F4xx_HAL_Driver/Src/stm32f4xx_hal_spi.o
                0x0000000008002f32                HAL_SPI_GetState
 *fill*         0x0000000008002f4e        0x2 
 .text.SPI_WaitFlagStateUntilTimeout
                0x0000000008002f50      0x110 ./Drivers/STM32F4xx_HAL_Driver/Src/stm32f4xx_hal_spi.o
 .text.SPI_EndRxTxTransaction
                0x0000000008003060       0x84 ./Drivers/STM32F4xx_HAL_Driver/Src/stm32f4xx_hal_spi.o
 .text.MX_FATFS_Init
                0x00000000080030e4       0x24 ./FATFS/App/fatfs.o
                0x00000000080030e4                MX_FATFS_Init
 .text.get_fattime
                0x0000000008003108       0x10 ./FATFS/App/fatfs.o
                0x0000000008003108                get_fattime
 .text.USER_initialize
                0x0000000008003118       0x1c ./FATFS/Target/user_diskio.o
                0x0000000008003118                USER_initialize
 .text.USER_status
                0x0000000008003134       0x1c ./FATFS/Target/user_diskio.o
                0x0000000008003134                USER_status
 .text.USER_read
                0x0000000008003150       0x26 ./FATFS/Target/user_diskio.o
                0x0000000008003150                USER_read
 .text.USER_write
                0x0000000008003176       0x26 ./FATFS/Target/user_diskio.o
                0x0000000008003176                USER_write
 .text.USER_ioctl
                0x000000000800319c       0x2a ./FATFS/Target/user_diskio.o
                0x000000000800319c                USER_ioctl
 *fill*         0x00000000080031c6        0x2 
 .text.disk_status
                0x00000000080031c8       0x34 ./Middlewares/Third_Party/FatFs/src/diskio.o
                0x00000000080031c8                disk_status
 .text.disk_initialize
                0x00000000080031fc       0x4c ./Middlewares/Third_Party/FatFs/src/diskio.o
                0x00000000080031fc                disk_initialize
 .text.disk_read
                0x0000000008003248       0x40 ./Middlewares/Third_Party/FatFs/src/diskio.o
                0x0000000008003248                disk_read
 .text.disk_write
                0x0000000008003288       0x40 ./Middlewares/Third_Party/FatFs/src/diskio.o
                0x0000000008003288                disk_write
 .text.disk_ioctl
                0x00000000080032c8       0x3c ./Middlewares/Third_Party/FatFs/src/diskio.o
                0x00000000080032c8                disk_ioctl
 .text.ld_word  0x0000000008003304       0x30 ./Middlewares/Third_Party/FatFs/src/ff.o
 .text.ld_dword
                0x0000000008003334       0x46 ./Middlewares/Third_Party/FatFs/src/ff.o
 .text.st_word  0x000000000800337a       0x36 ./Middlewares/Third_Party/FatFs/src/ff.o
 .text.st_dword
                0x00000000080033b0       0x58 ./Middlewares/Third_Party/FatFs/src/ff.o
 .text.mem_cpy  0x0000000008003408       0x42 ./Middlewares/Third_Party/FatFs/src/ff.o
 .text.mem_set  0x000000000800344a       0x36 ./Middlewares/Third_Party/FatFs/src/ff.o
 .text.mem_cmp  0x0000000008003480       0x4e ./Middlewares/Third_Party/FatFs/src/ff.o
 .text.chk_chr  0x00000000080034ce       0x36 ./Middlewares/Third_Party/FatFs/src/ff.o
 .text.chk_lock
                0x0000000008003504       0xb8 ./Middlewares/Third_Party/FatFs/src/ff.o
 .text.enq_lock
                0x00000000080035bc       0x44 ./Middlewares/Third_Party/FatFs/src/ff.o
 .text.inc_lock
                0x0000000008003600      0x11c ./Middlewares/Third_Party/FatFs/src/ff.o
 .text.dec_lock
                0x000000000800371c       0x78 ./Middlewares/Third_Party/FatFs/src/ff.o
 .text.clear_lock
                0x0000000008003794       0x48 ./Middlewares/Third_Party/FatFs/src/ff.o
 .text.sync_window
                0x00000000080037dc       0x88 ./Middlewares/Third_Party/FatFs/src/ff.o
 .text.move_window
                0x0000000008003864       0x5a ./Middlewares/Third_Party/FatFs/src/ff.o
 *fill*         0x00000000080038be        0x2 
 .text.sync_fs  0x00000000080038c0       0xe0 ./Middlewares/Third_Party/FatFs/src/ff.o
 .text.clust2sect
                0x00000000080039a0       0x3e ./Middlewares/Third_Party/FatFs/src/ff.o
 .text.get_fat  0x00000000080039de      0x1a8 ./Middlewares/Third_Party/FatFs/src/ff.o
 .text.put_fat  0x0000000008003b86      0x234 ./Middlewares/Third_Party/FatFs/src/ff.o
 .text.remove_chain
                0x0000000008003dba       0xca ./Middlewares/Third_Party/FatFs/src/ff.o
 .text.create_chain
                0x0000000008003e84      0x130 ./Middlewares/Third_Party/FatFs/src/ff.o
 .text.clmt_clust
                0x0000000008003fb4       0x70 ./Middlewares/Third_Party/FatFs/src/ff.o
 .text.dir_sdi  0x0000000008004024      0x112 ./Middlewares/Third_Party/FatFs/src/ff.o
 .text.dir_next
                0x0000000008004136      0x1ac ./Middlewares/Third_Party/FatFs/src/ff.o
 .text.dir_alloc
                0x00000000080042e2       0x8e ./Middlewares/Third_Party/FatFs/src/ff.o
 .text.ld_clust
                0x0000000008004370       0x3e ./Middlewares/Third_Party/FatFs/src/ff.o
 .text.st_clust
                0x00000000080043ae       0x40 ./Middlewares/Third_Party/FatFs/src/ff.o
 *fill*         0x00000000080043ee        0x2 
 .text.cmp_lfn  0x00000000080043f0       0xe0 ./Middlewares/Third_Party/FatFs/src/ff.o
 .text.put_lfn  0x00000000080044d0       0xd0 ./Middlewares/Third_Party/FatFs/src/ff.o
 .text.gen_numname
                0x00000000080045a0      0x11c ./Middlewares/Third_Party/FatFs/src/ff.o
 .text.sum_sfn  0x00000000080046bc       0x42 ./Middlewares/Third_Party/FatFs/src/ff.o
 .text.dir_find
                0x00000000080046fe      0x180 ./Middlewares/Third_Party/FatFs/src/ff.o
 *fill*         0x000000000800487e        0x2 
 .text.dir_register
                0x0000000008004880      0x1f0 ./Middlewares/Third_Party/FatFs/src/ff.o
 .text.create_name
                0x0000000008004a70      0x370 ./Middlewares/Third_Party/FatFs/src/ff.o
 .text.follow_path
                0x0000000008004de0       0xec ./Middlewares/Third_Party/FatFs/src/ff.o
 .text.get_ldnumber
                0x0000000008004ecc       0x88 ./Middlewares/Third_Party/FatFs/src/ff.o
 .text.check_fs
                0x0000000008004f54       0xac ./Middlewares/Third_Party/FatFs/src/ff.o
 .text.find_volume
                0x0000000008005000      0x50c ./Middlewares/Third_Party/FatFs/src/ff.o
 .text.validate
                0x000000000800550c       0x6a ./Middlewares/Third_Party/FatFs/src/ff.o
 *fill*         0x0000000008005576        0x2 
 .text.f_mount  0x0000000008005578       0x8c ./Middlewares/Third_Party/FatFs/src/ff.o
                0x0000000008005578                f_mount
 .text.f_open   0x0000000008005604      0x398 ./Middlewares/Third_Party/FatFs/src/ff.o
                0x0000000008005604                f_open
 .text.f_write  0x000000000800599c      0x328 ./Middlewares/Third_Party/FatFs/src/ff.o
                0x000000000800599c                f_write
 .text.f_sync   0x0000000008005cc4       0xfc ./Middlewares/Third_Party/FatFs/src/ff.o
                0x0000000008005cc4                f_sync
 .text.f_close  0x0000000008005dc0       0x54 ./Middlewares/Third_Party/FatFs/src/ff.o
                0x0000000008005dc0                f_close
 .text.f_getfree
                0x0000000008005e14      0x16a ./Middlewares/Third_Party/FatFs/src/ff.o
                0x0000000008005e14                f_getfree
 .text.putc_bfd
                0x0000000008005f7e       0x7a ./Middlewares/Third_Party/FatFs/src/ff.o
 .text.putc_flush
                0x0000000008005ff8       0x4a ./Middlewares/Third_Party/FatFs/src/ff.o
 .text.putc_init
                0x0000000008006042       0x2a ./Middlewares/Third_Party/FatFs/src/ff.o
 .text.f_puts   0x000000000800606c       0x48 ./Middlewares/Third_Party/FatFs/src/ff.o
                0x000000000800606c                f_puts
 .text.FATFS_LinkDriverEx
                0x00000000080060b4       0x98 ./Middlewares/Third_Party/FatFs/src/ff_gen_drv.o
                0x00000000080060b4                FATFS_LinkDriverEx
 .text.FATFS_LinkDriver
                0x000000000800614c       0x1e ./Middlewares/Third_Party/FatFs/src/ff_gen_drv.o
                0x000000000800614c                FATFS_LinkDriver
 *fill*         0x000000000800616a        0x2 
 .text.ff_convert
                0x000000000800616c       0x78 ./Middlewares/Third_Party/FatFs/src/option/ccsbcs.o
                0x000000000800616c                ff_convert
 .text.ff_wtoupper
                0x00000000080061e4      0x114 ./Middlewares/Third_Party/FatFs/src/option/ccsbcs.o
                0x00000000080061e4                ff_wtoupper
 .text.memset   0x00000000080062f8       0x10 C:/ST/STM32CubeIDE_1.11.2/STM32CubeIDE/plugins/com.st.stm32cube.ide.mcu.externaltools.gnu-tools-for-stm32.11.3.rel1.win32_1.1.1.202309131626/tools/bin/../lib/gcc/arm-none-eabi/11.3.1/../../../../arm-none-eabi/lib/thumb/v7e-m+fp/hard\libc_nano.a(libc_a-memset.o)
                0x00000000080062f8                memset
 .text.__libc_init_array
                0x0000000008006308       0x48 C:/ST/STM32CubeIDE_1.11.2/STM32CubeIDE/plugins/com.st.stm32cube.ide.mcu.externaltools.gnu-tools-for-stm32.11.3.rel1.win32_1.1.1.202309131626/tools/bin/../lib/gcc/arm-none-eabi/11.3.1/../../../../arm-none-eabi/lib/thumb/v7e-m+fp/hard\libc_nano.a(libc_a-init.o)
                0x0000000008006308                __libc_init_array
 *(.glue_7)
 .glue_7        0x0000000008006350        0x0 linker stubs
 *(.glue_7t)
 .glue_7t       0x0000000008006350        0x0 linker stubs
 *(.eh_frame)
 .eh_frame      0x0000000008006350        0x0 C:/ST/STM32CubeIDE_1.11.2/STM32CubeIDE/plugins/com.st.stm32cube.ide.mcu.externaltools.gnu-tools-for-stm32.11.3.rel1.win32_1.1.1.202309131626/tools/bin/../lib/gcc/arm-none-eabi/11.3.1/thumb/v7e-m+fp/hard/crtbegin.o
 *(.init)
 .init          0x0000000008006350        0x4 C:/ST/STM32CubeIDE_1.11.2/STM32CubeIDE/plugins/com.st.stm32cube.ide.mcu.externaltools.gnu-tools-for-stm32.11.3.rel1.win32_1.1.1.202309131626/tools/bin/../lib/gcc/arm-none-eabi/11.3.1/thumb/v7e-m+fp/hard/crti.o
                0x0000000008006350                _init
 .init          0x0000000008006354        0x8 C:/ST/STM32CubeIDE_1.11.2/STM32CubeIDE/plugins/com.st.stm32cube.ide.mcu.externaltools.gnu-tools-for-stm32.11.3.rel1.win32_1.1.1.202309131626/tools/bin/../lib/gcc/arm-none-eabi/11.3.1/thumb/v7e-m+fp/hard/crtn.o
 *(.fini)
 .fini          0x000000000800635c        0x4 C:/ST/STM32CubeIDE_1.11.2/STM32CubeIDE/plugins/com.st.stm32cube.ide.mcu.externaltools.gnu-tools-for-stm32.11.3.rel1.win32_1.1.1.202309131626/tools/bin/../lib/gcc/arm-none-eabi/11.3.1/thumb/v7e-m+fp/hard/crti.o
                0x000000000800635c                _fini
 .fini          0x0000000008006360        0x8 C:/ST/STM32CubeIDE_1.11.2/STM32CubeIDE/plugins/com.st.stm32cube.ide.mcu.externaltools.gnu-tools-for-stm32.11.3.rel1.win32_1.1.1.202309131626/tools/bin/../lib/gcc/arm-none-eabi/11.3.1/thumb/v7e-m+fp/hard/crtn.o
                0x0000000008006368                . = ALIGN (0x4)
                0x0000000008006368                _etext = .

.vfp11_veneer   0x0000000008006368        0x0
 .vfp11_veneer  0x0000000008006368        0x0 linker stubs

.v4_bx          0x0000000008006368        0x0
 .v4_bx         0x0000000008006368        0x0 linker stubs

.iplt           0x0000000008006368        0x0
 .iplt          0x0000000008006368        0x0 C:/ST/STM32CubeIDE_1.11.2/STM32CubeIDE/plugins/com.st.stm32cube.ide.mcu.externaltools.gnu-tools-for-stm32.11.3.rel1.win32_1.1.1.202309131626/tools/bin/../lib/gcc/arm-none-eabi/11.3.1/thumb/v7e-m+fp/hard/crtbegin.o

.rodata         0x0000000008006368      0x4bc
                0x0000000008006368                . = ALIGN (0x4)
 *(.rodata)
 .rodata        0x0000000008006368       0x23 ./Core/Src/main.o
 *fill*         0x000000000800638b        0x1 
 .rodata        0x000000000800638c       0x48 ./Middlewares/Third_Party/FatFs/src/ff.o
 *(.rodata*)
 .rodata.AHBPrescTable
                0x00000000080063d4       0x10 ./Core/Src/system_stm32f4xx.o
                0x00000000080063d4                AHBPrescTable
 .rodata.ExCvt  0x00000000080063e4       0x80 ./Middlewares/Third_Party/FatFs/src/ff.o
 .rodata.LfnOfs
                0x0000000008006464        0xd ./Middlewares/Third_Party/FatFs/src/ff.o
 *fill*         0x0000000008006471        0x3 
 .rodata.Tbl    0x0000000008006474      0x100 ./Middlewares/Third_Party/FatFs/src/option/ccsbcs.o
 .rodata.cvt1.1
                0x0000000008006574      0x1f2 ./Middlewares/Third_Party/FatFs/src/option/ccsbcs.o
 *fill*         0x0000000008006766        0x2 
 .rodata.cvt2.0
                0x0000000008006768       0xbc ./Middlewares/Third_Party/FatFs/src/option/ccsbcs.o
                0x0000000008006824                . = ALIGN (0x4)

.ARM.extab      0x0000000008006824        0x0
                0x0000000008006824                . = ALIGN (0x4)
 *(.ARM.extab* .gnu.linkonce.armextab.*)
                0x0000000008006824                . = ALIGN (0x4)

.ARM            0x0000000008006824        0x8
                0x0000000008006824                . = ALIGN (0x4)
                0x0000000008006824                __exidx_start = .
 *(.ARM.exidx*)
 .ARM.exidx     0x0000000008006824        0x8 C:/ST/STM32CubeIDE_1.11.2/STM32CubeIDE/plugins/com.st.stm32cube.ide.mcu.externaltools.gnu-tools-for-stm32.11.3.rel1.win32_1.1.1.202309131626/tools/bin/../lib/gcc/arm-none-eabi/11.3.1/thumb/v7e-m+fp/hard\libgcc.a(_udivmoddi4.o)
                0x000000000800682c                __exidx_end = .
                0x000000000800682c                . = ALIGN (0x4)

.rel.dyn        0x000000000800682c        0x0
 .rel.iplt      0x000000000800682c        0x0 C:/ST/STM32CubeIDE_1.11.2/STM32CubeIDE/plugins/com.st.stm32cube.ide.mcu.externaltools.gnu-tools-for-stm32.11.3.rel1.win32_1.1.1.202309131626/tools/bin/../lib/gcc/arm-none-eabi/11.3.1/thumb/v7e-m+fp/hard/crtbegin.o

.preinit_array  0x000000000800682c        0x0
                0x000000000800682c                . = ALIGN (0x4)
                0x000000000800682c                PROVIDE (__preinit_array_start = .)
 *(.preinit_array*)
                0x000000000800682c                PROVIDE (__preinit_array_end = .)
                0x000000000800682c                . = ALIGN (0x4)

.init_array     0x000000000800682c        0x4
                0x000000000800682c                . = ALIGN (0x4)
                0x000000000800682c                PROVIDE (__init_array_start = .)
 *(SORT_BY_NAME(.init_array.*))
 *(.init_array*)
 .init_array    0x000000000800682c        0x4 C:/ST/STM32CubeIDE_1.11.2/STM32CubeIDE/plugins/com.st.stm32cube.ide.mcu.externaltools.gnu-tools-for-stm32.11.3.rel1.win32_1.1.1.202309131626/tools/bin/../lib/gcc/arm-none-eabi/11.3.1/thumb/v7e-m+fp/hard/crtbegin.o
                0x0000000008006830                PROVIDE (__init_array_end = .)
                0x0000000008006830                . = ALIGN (0x4)

.fini_array     0x0000000008006830        0x4
                0x0000000008006830                . = ALIGN (0x4)
                [!provide]                        PROVIDE (__fini_array_start = .)
 *(SORT_BY_NAME(.fini_array.*))
 *(.fini_array*)
 .fini_array    0x0000000008006830        0x4 C:/ST/STM32CubeIDE_1.11.2/STM32CubeIDE/plugins/com.st.stm32cube.ide.mcu.externaltools.gnu-tools-for-stm32.11.3.rel1.win32_1.1.1.202309131626/tools/bin/../lib/gcc/arm-none-eabi/11.3.1/thumb/v7e-m+fp/hard/crtbegin.o
                [!provide]                        PROVIDE (__fini_array_end = .)
                0x0000000008006834                . = ALIGN (0x4)
                0x0000000008006834                _sidata = LOADADDR (.data)

.data           0x0000000020000000       0x24 load address 0x0000000008006834
                0x0000000020000000                . = ALIGN (0x4)
                0x0000000020000000                _sdata = .
 *(.data)
 *(.data*)
 .data.Stat     0x0000000020000000        0x1 ./Core/Src/fatfs_sd.o
 *fill*         0x0000000020000001        0x3 
 .data.SystemCoreClock
                0x0000000020000004        0x4 ./Core/Src/system_stm32f4xx.o
                0x0000000020000004                SystemCoreClock
 .data.uwTickPrio
                0x0000000020000008        0x4 ./Drivers/STM32F4xx_HAL_Driver/Src/stm32f4xx_hal.o
                0x0000000020000008                uwTickPrio
 .data.uwTickFreq
                0x000000002000000c        0x1 ./Drivers/STM32F4xx_HAL_Driver/Src/stm32f4xx_hal.o
                0x000000002000000c                uwTickFreq
 *fill*         0x000000002000000d        0x3 
 .data.USER_Driver
                0x0000000020000010       0x14 ./FATFS/Target/user_diskio.o
                0x0000000020000010                USER_Driver
 *(.RamFunc)
 *(.RamFunc*)
                0x0000000020000024                . = ALIGN (0x4)
                0x0000000020000024                _edata = .
                0x0000000008006858                _siccmram = LOADADDR (.ccmram)

.igot.plt       0x0000000020000024        0x0 load address 0x0000000008006858
 .igot.plt      0x0000000020000024        0x0 C:/ST/STM32CubeIDE_1.11.2/STM32CubeIDE/plugins/com.st.stm32cube.ide.mcu.externaltools.gnu-tools-for-stm32.11.3.rel1.win32_1.1.1.202309131626/tools/bin/../lib/gcc/arm-none-eabi/11.3.1/thumb/v7e-m+fp/hard/crtbegin.o

.ccmram         0x0000000010000000        0x0 load address 0x0000000008006858
                0x0000000010000000                . = ALIGN (0x4)
                0x0000000010000000                _sccmram = .
 *(.ccmram)
 *(.ccmram*)
                0x0000000010000000                . = ALIGN (0x4)
                0x0000000010000000                _eccmram = .
                0x0000000010000000                . = ALIGN (0x4)

.bss            0x0000000020000024     0x2738
                0x0000000020000024                _sbss = .
                0x0000000020000024                __bss_start__ = _sbss
 *(.bss)
 .bss           0x0000000020000024       0x1c C:/ST/STM32CubeIDE_1.11.2/STM32CubeIDE/plugins/com.st.stm32cube.ide.mcu.externaltools.gnu-tools-for-stm32.11.3.rel1.win32_1.1.1.202309131626/tools/bin/../lib/gcc/arm-none-eabi/11.3.1/thumb/v7e-m+fp/hard/crtbegin.o
 *(.bss*)
 .bss.CardType  0x0000000020000040        0x1 ./Core/Src/fatfs_sd.o
 .bss.PowerFlag
                0x0000000020000041        0x1 ./Core/Src/fatfs_sd.o
 *fill*         0x0000000020000042        0x2 
 .bss.hspi1     0x0000000020000044       0x58 ./Core/Src/main.o
                0x0000000020000044                hspi1
 .bss.fs        0x000000002000009c     0x1038 ./Core/Src/main.o
                0x000000002000009c                fs
 .bss.file      0x00000000200010d4     0x1030 ./Core/Src/main.o
                0x00000000200010d4                file
 .bss.fresult   0x0000000020002104        0x1 ./Core/Src/main.o
                0x0000000020002104                fresult
 *fill*         0x0000000020002105        0x3 
 .bss.buffer    0x0000000020002108      0x400 ./Core/Src/main.o
                0x0000000020002108                buffer
 .bss.pfs       0x0000000020002508        0x4 ./Core/Src/main.o
                0x0000000020002508                pfs
 .bss.fre_clust
                0x000000002000250c        0x4 ./Core/Src/main.o
                0x000000002000250c                fre_clust
 .bss.total     0x0000000020002510        0x4 ./Core/Src/main.o
                0x0000000020002510                total
 .bss.free_space
                0x0000000020002514        0x4 ./Core/Src/main.o
                0x0000000020002514                free_space
 .bss.Timer1    0x0000000020002518        0x1 ./Core/Src/stm32f4xx_it.o
                0x0000000020002518                Timer1
 .bss.Timer2    0x0000000020002519        0x1 ./Core/Src/stm32f4xx_it.o
                0x0000000020002519                Timer2
 .bss.FatFsCnt  0x000000002000251a        0x1 ./Core/Src/stm32f4xx_it.o
                0x000000002000251a                FatFsCnt
 *fill*         0x000000002000251b        0x1 
 .bss.uwTick    0x000000002000251c        0x4 ./Drivers/STM32F4xx_HAL_Driver/Src/stm32f4xx_hal.o
                0x000000002000251c                uwTick
 .bss.retUSER   0x0000000020002520        0x1 ./FATFS/App/fatfs.o
                0x0000000020002520                retUSER
 *fill*         0x0000000020002521        0x3 
 .bss.USERPath  0x0000000020002524        0x4 ./FATFS/App/fatfs.o
                0x0000000020002524                USERPath
 .bss.FatFs     0x0000000020002528        0x4 ./Middlewares/Third_Party/FatFs/src/ff.o
 .bss.Fsid      0x000000002000252c        0x2 ./Middlewares/Third_Party/FatFs/src/ff.o
 *fill*         0x000000002000252e        0x2 
 .bss.Files     0x0000000020002530       0x20 ./Middlewares/Third_Party/FatFs/src/ff.o
 .bss.LfnBuf    0x0000000020002550      0x200 ./Middlewares/Third_Party/FatFs/src/ff.o
 .bss.disk      0x0000000020002750        0xc ./Middlewares/Third_Party/FatFs/src/ff_gen_drv.o
                0x0000000020002750                disk
 *(COMMON)
                0x000000002000275c                . = ALIGN (0x4)
                0x000000002000275c                _ebss = .
                0x000000002000275c                __bss_end__ = _ebss

._user_heap_stack
                0x000000002000275c      0x604
                0x0000000020002760                . = ALIGN (0x8)
 *fill*         0x000000002000275c        0x4 
                [!provide]                        PROVIDE (end = .)
                0x0000000020002760                PROVIDE (_end = .)
                0x0000000020002960                . = (. + _Min_Heap_Size)
 *fill*         0x0000000020002760      0x200 
                0x0000000020002d60                . = (. + _Min_Stack_Size)
 *fill*         0x0000000020002960      0x400 
                0x0000000020002d60                . = ALIGN (0x8)

/DISCARD/
 libc.a(*)
 libm.a(*)
 libgcc.a(*)

.ARM.attributes
                0x0000000000000000       0x30
 *(.ARM.attributes)
 .ARM.attributes
                0x0000000000000000       0x1e C:/ST/STM32CubeIDE_1.11.2/STM32CubeIDE/plugins/com.st.stm32cube.ide.mcu.externaltools.gnu-tools-for-stm32.11.3.rel1.win32_1.1.1.202309131626/tools/bin/../lib/gcc/arm-none-eabi/11.3.1/thumb/v7e-m+fp/hard/crti.o
 .ARM.attributes
                0x000000000000001e       0x34 C:/ST/STM32CubeIDE_1.11.2/STM32CubeIDE/plugins/com.st.stm32cube.ide.mcu.externaltools.gnu-tools-for-stm32.11.3.rel1.win32_1.1.1.202309131626/tools/bin/../lib/gcc/arm-none-eabi/11.3.1/thumb/v7e-m+fp/hard/crtbegin.o
 .ARM.attributes
                0x0000000000000052       0x34 ./Core/Src/fatfs_sd.o
 .ARM.attributes
                0x0000000000000086       0x34 ./Core/Src/main.o
 .ARM.attributes
                0x00000000000000ba       0x34 ./Core/Src/stm32f4xx_hal_msp.o
 .ARM.attributes
                0x00000000000000ee       0x34 ./Core/Src/stm32f4xx_it.o
 .ARM.attributes
                0x0000000000000122       0x34 ./Core/Src/system_stm32f4xx.o
 .ARM.attributes
                0x0000000000000156       0x21 ./Core/Startup/startup_stm32f407vgtx.o
 .ARM.attributes
                0x0000000000000177       0x34 ./Drivers/STM32F4xx_HAL_Driver/Src/stm32f4xx_hal.o
 .ARM.attributes
                0x00000000000001ab       0x34 ./Drivers/STM32F4xx_HAL_Driver/Src/stm32f4xx_hal_cortex.o
 .ARM.attributes
                0x00000000000001df       0x34 ./Drivers/STM32F4xx_HAL_Driver/Src/stm32f4xx_hal_gpio.o
 .ARM.attributes
                0x0000000000000213       0x34 ./Drivers/STM32F4xx_HAL_Driver/Src/stm32f4xx_hal_rcc.o
 .ARM.attributes
                0x0000000000000247       0x34 ./Drivers/STM32F4xx_HAL_Driver/Src/stm32f4xx_hal_spi.o
 .ARM.attributes
                0x000000000000027b       0x34 ./FATFS/App/fatfs.o
 .ARM.attributes
                0x00000000000002af       0x34 ./FATFS/Target/user_diskio.o
 .ARM.attributes
                0x00000000000002e3       0x34 ./Middlewares/Third_Party/FatFs/src/diskio.o
 .ARM.attributes
                0x0000000000000317       0x34 ./Middlewares/Third_Party/FatFs/src/ff.o
 .ARM.attributes
                0x000000000000034b       0x34 ./Middlewares/Third_Party/FatFs/src/ff_gen_drv.o
 .ARM.attributes
                0x000000000000037f       0x34 ./Middlewares/Third_Party/FatFs/src/option/ccsbcs.o
 .ARM.attributes
                0x00000000000003b3       0x34 C:/ST/STM32CubeIDE_1.11.2/STM32CubeIDE/plugins/com.st.stm32cube.ide.mcu.externaltools.gnu-tools-for-stm32.11.3.rel1.win32_1.1.1.202309131626/tools/bin/../lib/gcc/arm-none-eabi/11.3.1/../../../../arm-none-eabi/lib/thumb/v7e-m+fp/hard\libc_nano.a(libc_a-memset.o)
 .ARM.attributes
                0x00000000000003e7       0x34 C:/ST/STM32CubeIDE_1.11.2/STM32CubeIDE/plugins/com.st.stm32cube.ide.mcu.externaltools.gnu-tools-for-stm32.11.3.rel1.win32_1.1.1.202309131626/tools/bin/../lib/gcc/arm-none-eabi/11.3.1/../../../../arm-none-eabi/lib/thumb/v7e-m+fp/hard\libc_nano.a(libc_a-init.o)
 .ARM.attributes
                0x000000000000041b       0x1e C:/ST/STM32CubeIDE_1.11.2/STM32CubeIDE/plugins/com.st.stm32cube.ide.mcu.externaltools.gnu-tools-for-stm32.11.3.rel1.win32_1.1.1.202309131626/tools/bin/../lib/gcc/arm-none-eabi/11.3.1/thumb/v7e-m+fp/hard\libgcc.a(_arm_muldf3.o)
 .ARM.attributes
                0x0000000000000439       0x1e C:/ST/STM32CubeIDE_1.11.2/STM32CubeIDE/plugins/com.st.stm32cube.ide.mcu.externaltools.gnu-tools-for-stm32.11.3.rel1.win32_1.1.1.202309131626/tools/bin/../lib/gcc/arm-none-eabi/11.3.1/thumb/v7e-m+fp/hard\libgcc.a(_arm_addsubdf3.o)
 .ARM.attributes
                0x0000000000000457       0x1e C:/ST/STM32CubeIDE_1.11.2/STM32CubeIDE/plugins/com.st.stm32cube.ide.mcu.externaltools.gnu-tools-for-stm32.11.3.rel1.win32_1.1.1.202309131626/tools/bin/../lib/gcc/arm-none-eabi/11.3.1/thumb/v7e-m+fp/hard\libgcc.a(_arm_fixunsdfsi.o)
 .ARM.attributes
                0x0000000000000475       0x1e C:/ST/STM32CubeIDE_1.11.2/STM32CubeIDE/plugins/com.st.stm32cube.ide.mcu.externaltools.gnu-tools-for-stm32.11.3.rel1.win32_1.1.1.202309131626/tools/bin/../lib/gcc/arm-none-eabi/11.3.1/thumb/v7e-m+fp/hard\libgcc.a(_aeabi_uldivmod.o)
 .ARM.attributes
                0x0000000000000493       0x34 C:/ST/STM32CubeIDE_1.11.2/STM32CubeIDE/plugins/com.st.stm32cube.ide.mcu.externaltools.gnu-tools-for-stm32.11.3.rel1.win32_1.1.1.202309131626/tools/bin/../lib/gcc/arm-none-eabi/11.3.1/thumb/v7e-m+fp/hard\libgcc.a(_udivmoddi4.o)
 .ARM.attributes
                0x00000000000004c7       0x1e C:/ST/STM32CubeIDE_1.11.2/STM32CubeIDE/plugins/com.st.stm32cube.ide.mcu.externaltools.gnu-tools-for-stm32.11.3.rel1.win32_1.1.1.202309131626/tools/bin/../lib/gcc/arm-none-eabi/11.3.1/thumb/v7e-m+fp/hard\libgcc.a(_dvmd_tls.o)
 .ARM.attributes
                0x00000000000004e5       0x1e C:/ST/STM32CubeIDE_1.11.2/STM32CubeIDE/plugins/com.st.stm32cube.ide.mcu.externaltools.gnu-tools-for-stm32.11.3.rel1.win32_1.1.1.202309131626/tools/bin/../lib/gcc/arm-none-eabi/11.3.1/thumb/v7e-m+fp/hard/crtn.o
OUTPUT(MFK_HAL_SPI_002.elf elf32-littlearm)
LOAD linker stubs
LOAD C:/ST/STM32CubeIDE_1.11.2/STM32CubeIDE/plugins/com.st.stm32cube.ide.mcu.externaltools.gnu-tools-for-stm32.11.3.rel1.win32_1.1.1.202309131626/tools/bin/../lib/gcc/arm-none-eabi/11.3.1/../../../../arm-none-eabi/lib/thumb/v7e-m+fp/hard\libc.a
LOAD C:/ST/STM32CubeIDE_1.11.2/STM32CubeIDE/plugins/com.st.stm32cube.ide.mcu.externaltools.gnu-tools-for-stm32.11.3.rel1.win32_1.1.1.202309131626/tools/bin/../lib/gcc/arm-none-eabi/11.3.1/../../../../arm-none-eabi/lib/thumb/v7e-m+fp/hard\libm.a
LOAD C:/ST/STM32CubeIDE_1.11.2/STM32CubeIDE/plugins/com.st.stm32cube.ide.mcu.externaltools.gnu-tools-for-stm32.11.3.rel1.win32_1.1.1.202309131626/tools/bin/../lib/gcc/arm-none-eabi/11.3.1/thumb/v7e-m+fp/hard\libgcc.a

.comment        0x0000000000000000       0x43
 .comment       0x0000000000000000       0x43 C:/ST/STM32CubeIDE_1.11.2/STM32CubeIDE/plugins/com.st.stm32cube.ide.mcu.externaltools.gnu-tools-for-stm32.11.3.rel1.win32_1.1.1.202309131626/tools/bin/../lib/gcc/arm-none-eabi/11.3.1/thumb/v7e-m+fp/hard/crtbegin.o
                                         0x44 (size before relaxing)
 .comment       0x0000000000000043       0x44 ./Core/Src/fatfs_sd.o
 .comment       0x0000000000000043       0x44 ./Core/Src/main.o
 .comment       0x0000000000000043       0x44 ./Core/Src/stm32f4xx_hal_msp.o
 .comment       0x0000000000000043       0x44 ./Core/Src/stm32f4xx_it.o
 .comment       0x0000000000000043       0x44 ./Core/Src/system_stm32f4xx.o
 .comment       0x0000000000000043       0x44 ./Drivers/STM32F4xx_HAL_Driver/Src/stm32f4xx_hal.o
 .comment       0x0000000000000043       0x44 ./Drivers/STM32F4xx_HAL_Driver/Src/stm32f4xx_hal_cortex.o
 .comment       0x0000000000000043       0x44 ./Drivers/STM32F4xx_HAL_Driver/Src/stm32f4xx_hal_gpio.o
 .comment       0x0000000000000043       0x44 ./Drivers/STM32F4xx_HAL_Driver/Src/stm32f4xx_hal_rcc.o
 .comment       0x0000000000000043       0x44 ./Drivers/STM32F4xx_HAL_Driver/Src/stm32f4xx_hal_spi.o
 .comment       0x0000000000000043       0x44 ./FATFS/App/fatfs.o
 .comment       0x0000000000000043       0x44 ./FATFS/Target/user_diskio.o
 .comment       0x0000000000000043       0x44 ./Middlewares/Third_Party/FatFs/src/diskio.o
 .comment       0x0000000000000043       0x44 ./Middlewares/Third_Party/FatFs/src/ff.o
 .comment       0x0000000000000043       0x44 ./Middlewares/Third_Party/FatFs/src/ff_gen_drv.o
 .comment       0x0000000000000043       0x44 ./Middlewares/Third_Party/FatFs/src/option/ccsbcs.o

.debug_info     0x0000000000000000     0xa03c
 .debug_info    0x0000000000000000      0xc2d ./Core/Src/fatfs_sd.o
 .debug_info    0x0000000000000c2d     0x109a ./Core/Src/main.o
 .debug_info    0x0000000000001cc7      0x90f ./Core/Src/stm32f4xx_hal_msp.o
 .debug_info    0x00000000000025d6      0x172 ./Core/Src/stm32f4xx_it.o
 .debug_info    0x0000000000002748      0x512 ./Core/Src/system_stm32f4xx.o
 .debug_info    0x0000000000002c5a       0x23 ./Core/Startup/startup_stm32f407vgtx.o
 .debug_info    0x0000000000002c7d      0x948 ./Drivers/STM32F4xx_HAL_Driver/Src/stm32f4xx_hal.o
 .debug_info    0x00000000000035c5      0xd46 ./Drivers/STM32F4xx_HAL_Driver/Src/stm32f4xx_hal_cortex.o
 .debug_info    0x000000000000430b      0x6c3 ./Drivers/STM32F4xx_HAL_Driver/Src/stm32f4xx_hal_gpio.o
 .debug_info    0x00000000000049ce      0x8b1 ./Drivers/STM32F4xx_HAL_Driver/Src/stm32f4xx_hal_rcc.o
 .debug_info    0x000000000000527f     0x15fb ./Drivers/STM32F4xx_HAL_Driver/Src/stm32f4xx_hal_spi.o
 .debug_info    0x000000000000687a      0x508 ./FATFS/App/fatfs.o
 .debug_info    0x0000000000006d82      0x3b4 ./FATFS/Target/user_diskio.o
 .debug_info    0x0000000000007136      0x3df ./Middlewares/Third_Party/FatFs/src/diskio.o
 .debug_info    0x0000000000007515     0x25ef ./Middlewares/Third_Party/FatFs/src/ff.o
 .debug_info    0x0000000000009b04      0x37f ./Middlewares/Third_Party/FatFs/src/ff_gen_drv.o
 .debug_info    0x0000000000009e83      0x1b9 ./Middlewares/Third_Party/FatFs/src/option/ccsbcs.o

.debug_abbrev   0x0000000000000000     0x1ec4
 .debug_abbrev  0x0000000000000000      0x2c7 ./Core/Src/fatfs_sd.o
 .debug_abbrev  0x00000000000002c7      0x30a ./Core/Src/main.o
 .debug_abbrev  0x00000000000005d1      0x1a7 ./Core/Src/stm32f4xx_hal_msp.o
 .debug_abbrev  0x0000000000000778       0x9d ./Core/Src/stm32f4xx_it.o
 .debug_abbrev  0x0000000000000815      0x11a ./Core/Src/system_stm32f4xx.o
 .debug_abbrev  0x000000000000092f       0x12 ./Core/Startup/startup_stm32f407vgtx.o
 .debug_abbrev  0x0000000000000941      0x213 ./Drivers/STM32F4xx_HAL_Driver/Src/stm32f4xx_hal.o
 .debug_abbrev  0x0000000000000b54      0x327 ./Drivers/STM32F4xx_HAL_Driver/Src/stm32f4xx_hal_cortex.o
 .debug_abbrev  0x0000000000000e7b      0x1d4 ./Drivers/STM32F4xx_HAL_Driver/Src/stm32f4xx_hal_gpio.o
 .debug_abbrev  0x000000000000104f      0x2b6 ./Drivers/STM32F4xx_HAL_Driver/Src/stm32f4xx_hal_rcc.o
 .debug_abbrev  0x0000000000001305      0x284 ./Drivers/STM32F4xx_HAL_Driver/Src/stm32f4xx_hal_spi.o
 .debug_abbrev  0x0000000000001589      0x15e ./FATFS/App/fatfs.o
 .debug_abbrev  0x00000000000016e7      0x155 ./FATFS/Target/user_diskio.o
 .debug_abbrev  0x000000000000183c      0x181 ./Middlewares/Third_Party/FatFs/src/diskio.o
 .debug_abbrev  0x00000000000019bd      0x28a ./Middlewares/Third_Party/FatFs/src/ff.o
 .debug_abbrev  0x0000000000001c47      0x19f ./Middlewares/Third_Party/FatFs/src/ff_gen_drv.o
 .debug_abbrev  0x0000000000001de6       0xde ./Middlewares/Third_Party/FatFs/src/option/ccsbcs.o

.debug_aranges  0x0000000000000000      0x9d8
 .debug_aranges
                0x0000000000000000       0xa0 ./Core/Src/fatfs_sd.o
 .debug_aranges
                0x00000000000000a0       0x50 ./Core/Src/main.o
 .debug_aranges
                0x00000000000000f0       0x30 ./Core/Src/stm32f4xx_hal_msp.o
 .debug_aranges
                0x0000000000000120       0x68 ./Core/Src/stm32f4xx_it.o
 .debug_aranges
                0x0000000000000188       0x28 ./Core/Src/system_stm32f4xx.o
 .debug_aranges
                0x00000000000001b0       0x28 ./Core/Startup/startup_stm32f407vgtx.o
 .debug_aranges
                0x00000000000001d8       0xf0 ./Drivers/STM32F4xx_HAL_Driver/Src/stm32f4xx_hal.o
 .debug_aranges
                0x00000000000002c8      0x118 ./Drivers/STM32F4xx_HAL_Driver/Src/stm32f4xx_hal_cortex.o
 .debug_aranges
                0x00000000000003e0       0x58 ./Drivers/STM32F4xx_HAL_Driver/Src/stm32f4xx_hal_gpio.o
 .debug_aranges
                0x0000000000000438       0x88 ./Drivers/STM32F4xx_HAL_Driver/Src/stm32f4xx_hal_rcc.o
 .debug_aranges
                0x00000000000004c0      0x1d0 ./Drivers/STM32F4xx_HAL_Driver/Src/stm32f4xx_hal_spi.o
 .debug_aranges
                0x0000000000000690       0x28 ./FATFS/App/fatfs.o
 .debug_aranges
                0x00000000000006b8       0x40 ./FATFS/Target/user_diskio.o
 .debug_aranges
                0x00000000000006f8       0x48 ./Middlewares/Third_Party/FatFs/src/diskio.o
 .debug_aranges
                0x0000000000000740      0x230 ./Middlewares/Third_Party/FatFs/src/ff.o
 .debug_aranges
                0x0000000000000970       0x40 ./Middlewares/Third_Party/FatFs/src/ff_gen_drv.o
 .debug_aranges
                0x00000000000009b0       0x28 ./Middlewares/Third_Party/FatFs/src/option/ccsbcs.o

.debug_rnglists
                0x0000000000000000      0x762
 .debug_rnglists
                0x0000000000000000       0x7a ./Core/Src/fatfs_sd.o
 .debug_rnglists
                0x000000000000007a       0x3a ./Core/Src/main.o
 .debug_rnglists
                0x00000000000000b4       0x20 ./Core/Src/stm32f4xx_hal_msp.o
 .debug_rnglists
                0x00000000000000d4       0x49 ./Core/Src/stm32f4xx_it.o
 .debug_rnglists
                0x000000000000011d       0x1a ./Core/Src/system_stm32f4xx.o
 .debug_rnglists
                0x0000000000000137       0x19 ./Core/Startup/startup_stm32f407vgtx.o
 .debug_rnglists
                0x0000000000000150       0xaf ./Drivers/STM32F4xx_HAL_Driver/Src/stm32f4xx_hal.o
 .debug_rnglists
                0x00000000000001ff       0xce ./Drivers/STM32F4xx_HAL_Driver/Src/stm32f4xx_hal_cortex.o
 .debug_rnglists
                0x00000000000002cd       0x3f ./Drivers/STM32F4xx_HAL_Driver/Src/stm32f4xx_hal_gpio.o
 .debug_rnglists
                0x000000000000030c       0x66 ./Drivers/STM32F4xx_HAL_Driver/Src/stm32f4xx_hal_rcc.o
 .debug_rnglists
                0x0000000000000372      0x16f ./Drivers/STM32F4xx_HAL_Driver/Src/stm32f4xx_hal_spi.o
 .debug_rnglists
                0x00000000000004e1       0x19 ./FATFS/App/fatfs.o
 .debug_rnglists
                0x00000000000004fa       0x2b ./FATFS/Target/user_diskio.o
 .debug_rnglists
                0x0000000000000525       0x31 ./Middlewares/Third_Party/FatFs/src/diskio.o
 .debug_rnglists
                0x0000000000000556      0x1c6 ./Middlewares/Third_Party/FatFs/src/ff.o
 .debug_rnglists
                0x000000000000071c       0x2c ./Middlewares/Third_Party/FatFs/src/ff_gen_drv.o
 .debug_rnglists
                0x0000000000000748       0x1a ./Middlewares/Third_Party/FatFs/src/option/ccsbcs.o

.debug_macro    0x0000000000000000    0x218b3
 .debug_macro   0x0000000000000000      0x305 ./Core/Src/fatfs_sd.o
 .debug_macro   0x0000000000000305      0xaa8 ./Core/Src/fatfs_sd.o
 .debug_macro   0x0000000000000dad      0x295 ./Core/Src/fatfs_sd.o
 .debug_macro   0x0000000000001042       0x2e ./Core/Src/fatfs_sd.o
 .debug_macro   0x0000000000001070       0x2f ./Core/Src/fatfs_sd.o
 .debug_macro   0x000000000000109f       0x22 ./Core/Src/fatfs_sd.o
 .debug_macro   0x00000000000010c1       0x8e ./Core/Src/fatfs_sd.o
 .debug_macro   0x000000000000114f       0x51 ./Core/Src/fatfs_sd.o
 .debug_macro   0x00000000000011a0      0x103 ./Core/Src/fatfs_sd.o
 .debug_macro   0x00000000000012a3       0x6a ./Core/Src/fatfs_sd.o
 .debug_macro   0x000000000000130d      0x1df ./Core/Src/fatfs_sd.o
 .debug_macro   0x00000000000014ec       0x1c ./Core/Src/fatfs_sd.o
 .debug_macro   0x0000000000001508       0x22 ./Core/Src/fatfs_sd.o
 .debug_macro   0x000000000000152a       0xd9 ./Core/Src/fatfs_sd.o
 .debug_macro   0x0000000000001603     0x102d ./Core/Src/fatfs_sd.o
 .debug_macro   0x0000000000002630      0x11f ./Core/Src/fatfs_sd.o
 .debug_macro   0x000000000000274f    0x15e82 ./Core/Src/fatfs_sd.o
 .debug_macro   0x00000000000185d1       0x6d ./Core/Src/fatfs_sd.o
 .debug_macro   0x000000000001863e     0x367e ./Core/Src/fatfs_sd.o
 .debug_macro   0x000000000001bcbc      0x174 ./Core/Src/fatfs_sd.o
 .debug_macro   0x000000000001be30       0x5c ./Core/Src/fatfs_sd.o
 .debug_macro   0x000000000001be8c      0x96b ./Core/Src/fatfs_sd.o
 .debug_macro   0x000000000001c7f7      0x9fe ./Core/Src/fatfs_sd.o
 .debug_macro   0x000000000001d1f5      0x115 ./Core/Src/fatfs_sd.o
 .debug_macro   0x000000000001d30a      0x13e ./Core/Src/fatfs_sd.o
 .debug_macro   0x000000000001d448       0xa5 ./Core/Src/fatfs_sd.o
 .debug_macro   0x000000000001d4ed      0x174 ./Core/Src/fatfs_sd.o
 .debug_macro   0x000000000001d661      0x287 ./Core/Src/fatfs_sd.o
 .debug_macro   0x000000000001d8e8       0x5f ./Core/Src/fatfs_sd.o
 .debug_macro   0x000000000001d947      0x236 ./Core/Src/fatfs_sd.o
 .debug_macro   0x000000000001db7d      0x12c ./Core/Src/fatfs_sd.o
 .debug_macro   0x000000000001dca9      0x21e ./Core/Src/fatfs_sd.o
 .debug_macro   0x000000000001dec7       0x2e ./Core/Src/fatfs_sd.o
 .debug_macro   0x000000000001def5      0x11a ./Core/Src/fatfs_sd.o
 .debug_macro   0x000000000001e00f       0x7e ./Core/Src/fatfs_sd.o
 .debug_macro   0x000000000001e08d       0x89 ./Core/Src/fatfs_sd.o
 .debug_macro   0x000000000001e116      0x225 ./Core/Src/fatfs_sd.o
 .debug_macro   0x000000000001e33b      0x12d ./Core/Src/fatfs_sd.o
 .debug_macro   0x000000000001e468       0x16 ./Core/Src/fatfs_sd.o
 .debug_macro   0x000000000001e47e       0x7c ./Core/Src/fatfs_sd.o
 .debug_macro   0x000000000001e4fa       0x70 ./Core/Src/fatfs_sd.o
 .debug_macro   0x000000000001e56a       0xeb ./Core/Src/fatfs_sd.o
 .debug_macro   0x000000000001e655       0x2a ./Core/Src/fatfs_sd.o
 .debug_macro   0x000000000001e67f       0x61 ./Core/Src/fatfs_sd.o
 .debug_macro   0x000000000001e6e0       0x43 ./Core/Src/fatfs_sd.o
 .debug_macro   0x000000000001e723       0x34 ./Core/Src/fatfs_sd.o
 .debug_macro   0x000000000001e757       0x16 ./Core/Src/fatfs_sd.o
 .debug_macro   0x000000000001e76d       0x35 ./Core/Src/fatfs_sd.o
 .debug_macro   0x000000000001e7a2       0x16 ./Core/Src/fatfs_sd.o
 .debug_macro   0x000000000001e7b8       0x43 ./Core/Src/fatfs_sd.o
 .debug_macro   0x000000000001e7fb       0x34 ./Core/Src/fatfs_sd.o
 .debug_macro   0x000000000001e82f       0x10 ./Core/Src/fatfs_sd.o
 .debug_macro   0x000000000001e83f       0x58 ./Core/Src/fatfs_sd.o
 .debug_macro   0x000000000001e897       0x8e ./Core/Src/fatfs_sd.o
 .debug_macro   0x000000000001e925       0x1c ./Core/Src/fatfs_sd.o
 .debug_macro   0x000000000001e941      0x177 ./Core/Src/fatfs_sd.o
 .debug_macro   0x000000000001eab8      0x369 ./Core/Src/fatfs_sd.o
 .debug_macro   0x000000000001ee21       0x16 ./Core/Src/fatfs_sd.o
 .debug_macro   0x000000000001ee37       0x29 ./Core/Src/fatfs_sd.o
 .debug_macro   0x000000000001ee60       0x12 ./Core/Src/fatfs_sd.o
 .debug_macro   0x000000000001ee72       0xe2 ./Core/Src/fatfs_sd.o
 .debug_macro   0x000000000001ef54      0x31c ./Core/Src/main.o
 .debug_macro   0x000000000001f270       0x8e ./Core/Src/main.o
 .debug_macro   0x000000000001f2fe       0x16 ./Core/Src/main.o
 .debug_macro   0x000000000001f314       0x20 ./Core/Src/main.o
 .debug_macro   0x000000000001f334      0x1c4 ./Core/Src/stm32f4xx_hal_msp.o
 .debug_macro   0x000000000001f4f8      0x1ce ./Core/Src/stm32f4xx_it.o
 .debug_macro   0x000000000001f6c6      0x1ba ./Core/Src/system_stm32f4xx.o
 .debug_macro   0x000000000001f880      0x21a ./Drivers/STM32F4xx_HAL_Driver/Src/stm32f4xx_hal.o
 .debug_macro   0x000000000001fa9a      0x1ba ./Drivers/STM32F4xx_HAL_Driver/Src/stm32f4xx_hal_cortex.o
 .debug_macro   0x000000000001fc54      0x1c0 ./Drivers/STM32F4xx_HAL_Driver/Src/stm32f4xx_hal_gpio.o
 .debug_macro   0x000000000001fe14      0x1de ./Drivers/STM32F4xx_HAL_Driver/Src/stm32f4xx_hal_rcc.o
 .debug_macro   0x000000000001fff2      0x1c9 ./Drivers/STM32F4xx_HAL_Driver/Src/stm32f4xx_hal_spi.o
 .debug_macro   0x00000000000201bb      0x2f2 ./FATFS/App/fatfs.o
 .debug_macro   0x00000000000204ad       0xe5 ./FATFS/App/fatfs.o
 .debug_macro   0x0000000000020592      0x30f ./FATFS/Target/user_diskio.o
 .debug_macro   0x00000000000208a1       0x10 ./FATFS/Target/user_diskio.o
 .debug_macro   0x00000000000208b1       0x56 ./FATFS/Target/user_diskio.o
 .debug_macro   0x0000000000020907      0x2d6 ./Middlewares/Third_Party/FatFs/src/diskio.o
 .debug_macro   0x0000000000020bdd      0x6e4 ./Middlewares/Third_Party/FatFs/src/ff.o
 .debug_macro   0x00000000000212c1       0x58 ./Middlewares/Third_Party/FatFs/src/ff.o
 .debug_macro   0x0000000000021319      0x2d6 ./Middlewares/Third_Party/FatFs/src/ff_gen_drv.o
 .debug_macro   0x00000000000215ef      0x2c4 ./Middlewares/Third_Party/FatFs/src/option/ccsbcs.o

.debug_line     0x0000000000000000     0xea5c
 .debug_line    0x0000000000000000      0xf72 ./Core/Src/fatfs_sd.o
 .debug_line    0x0000000000000f72      0xab9 ./Core/Src/main.o
 .debug_line    0x0000000000001a2b      0x762 ./Core/Src/stm32f4xx_hal_msp.o
 .debug_line    0x000000000000218d      0x80a ./Core/Src/stm32f4xx_it.o
 .debug_line    0x0000000000002997      0x796 ./Core/Src/system_stm32f4xx.o
 .debug_line    0x000000000000312d       0x7a ./Core/Startup/startup_stm32f407vgtx.o
 .debug_line    0x00000000000031a7      0x9fc ./Drivers/STM32F4xx_HAL_Driver/Src/stm32f4xx_hal.o
 .debug_line    0x0000000000003ba3      0xcab ./Drivers/STM32F4xx_HAL_Driver/Src/stm32f4xx_hal_cortex.o
 .debug_line    0x000000000000484e      0xb70 ./Drivers/STM32F4xx_HAL_Driver/Src/stm32f4xx_hal_gpio.o
 .debug_line    0x00000000000053be      0xd75 ./Drivers/STM32F4xx_HAL_Driver/Src/stm32f4xx_hal_rcc.o
 .debug_line    0x0000000000006133     0x1c8d ./Drivers/STM32F4xx_HAL_Driver/Src/stm32f4xx_hal_spi.o
 .debug_line    0x0000000000007dc0      0x911 ./FATFS/App/fatfs.o
 .debug_line    0x00000000000086d1      0x96a ./FATFS/Target/user_diskio.o
 .debug_line    0x000000000000903b      0x972 ./Middlewares/Third_Party/FatFs/src/diskio.o
 .debug_line    0x00000000000099ad     0x3d4d ./Middlewares/Third_Party/FatFs/src/ff.o
 .debug_line    0x000000000000d6fa      0x990 ./Middlewares/Third_Party/FatFs/src/ff_gen_drv.o
 .debug_line    0x000000000000e08a      0x9d2 ./Middlewares/Third_Party/FatFs/src/option/ccsbcs.o

.debug_str      0x0000000000000000    0xc2db6
 .debug_str     0x0000000000000000    0xbfb9a ./Core/Src/fatfs_sd.o
                                      0xbfeb0 (size before relaxing)
 .debug_str     0x00000000000bfb9a      0x5e5 ./Core/Src/main.o
                                      0xc02a3 (size before relaxing)
 .debug_str     0x00000000000c017f       0x63 ./Core/Src/stm32f4xx_hal_msp.o
                                      0xbc4c3 (size before relaxing)
 .debug_str     0x00000000000c01e2       0xe2 ./Core/Src/stm32f4xx_it.o
                                      0xbbf87 (size before relaxing)
 .debug_str     0x00000000000c02c4       0xdb ./Core/Src/system_stm32f4xx.o
                                      0xbc078 (size before relaxing)
 .debug_str     0x00000000000c039f       0x34 ./Core/Startup/startup_stm32f407vgtx.o
                                         0x77 (size before relaxing)
 .debug_str     0x00000000000c03d3      0xafd ./Drivers/STM32F4xx_HAL_Driver/Src/stm32f4xx_hal.o
                                      0xbcbfc (size before relaxing)
 .debug_str     0x00000000000c0ed0      0x354 ./Drivers/STM32F4xx_HAL_Driver/Src/stm32f4xx_hal_cortex.o
                                      0xbc92f (size before relaxing)
 .debug_str     0x00000000000c1224      0x121 ./Drivers/STM32F4xx_HAL_Driver/Src/stm32f4xx_hal_gpio.o
                                      0xbc1f3 (size before relaxing)
 .debug_str     0x00000000000c1345      0x233 ./Drivers/STM32F4xx_HAL_Driver/Src/stm32f4xx_hal_rcc.o
                                      0xbc4ac (size before relaxing)
 .debug_str     0x00000000000c1578      0x563 ./Drivers/STM32F4xx_HAL_Driver/Src/stm32f4xx_hal_spi.o
                                      0xbc93c (size before relaxing)
 .debug_str     0x00000000000c1adb       0x74 ./FATFS/App/fatfs.o
                                      0xbf98a (size before relaxing)
 .debug_str     0x00000000000c1b4f       0x5a ./FATFS/Target/user_diskio.o
                                      0xbf940 (size before relaxing)
 .debug_str     0x00000000000c1ba9       0x52 ./Middlewares/Third_Party/FatFs/src/diskio.o
                                      0xbf76e (size before relaxing)
 .debug_str     0x00000000000c1bfb     0x10e1 ./Middlewares/Third_Party/FatFs/src/ff.o
                                      0xc0a75 (size before relaxing)
 .debug_str     0x00000000000c2cdc       0x91 ./Middlewares/Third_Party/FatFs/src/ff_gen_drv.o
                                      0xbf7bf (size before relaxing)
 .debug_str     0x00000000000c2d6d       0x49 ./Middlewares/Third_Party/FatFs/src/option/ccsbcs.o
                                      0xbf543 (size before relaxing)

.debug_frame    0x0000000000000000     0x27a8
 .debug_frame   0x0000000000000000      0x268 ./Core/Src/fatfs_sd.o
 .debug_frame   0x0000000000000268       0xf8 ./Core/Src/main.o
 .debug_frame   0x0000000000000360       0x80 ./Core/Src/stm32f4xx_hal_msp.o
 .debug_frame   0x00000000000003e0      0x124 ./Core/Src/stm32f4xx_it.o
 .debug_frame   0x0000000000000504       0x58 ./Core/Src/system_stm32f4xx.o
 .debug_frame   0x000000000000055c      0x374 ./Drivers/STM32F4xx_HAL_Driver/Src/stm32f4xx_hal.o
 .debug_frame   0x00000000000008d0      0x498 ./Drivers/STM32F4xx_HAL_Driver/Src/stm32f4xx_hal_cortex.o
 .debug_frame   0x0000000000000d68      0x14c ./Drivers/STM32F4xx_HAL_Driver/Src/stm32f4xx_hal_gpio.o
 .debug_frame   0x0000000000000eb4      0x1f4 ./Drivers/STM32F4xx_HAL_Driver/Src/stm32f4xx_hal_rcc.o
 .debug_frame   0x00000000000010a8      0x824 ./Drivers/STM32F4xx_HAL_Driver/Src/stm32f4xx_hal_spi.o
 .debug_frame   0x00000000000018cc       0x4c ./FATFS/App/fatfs.o
 .debug_frame   0x0000000000001918       0xc4 ./FATFS/Target/user_diskio.o
 .debug_frame   0x00000000000019dc       0xec ./Middlewares/Third_Party/FatFs/src/diskio.o
 .debug_frame   0x0000000000001ac8      0xa0c ./Middlewares/Third_Party/FatFs/src/ff.o
 .debug_frame   0x00000000000024d4       0xc8 ./Middlewares/Third_Party/FatFs/src/ff_gen_drv.o
 .debug_frame   0x000000000000259c       0x60 ./Middlewares/Third_Party/FatFs/src/option/ccsbcs.o
 .debug_frame   0x00000000000025fc       0x20 C:/ST/STM32CubeIDE_1.11.2/STM32CubeIDE/plugins/com.st.stm32cube.ide.mcu.externaltools.gnu-tools-for-stm32.11.3.rel1.win32_1.1.1.202309131626/tools/bin/../lib/gcc/arm-none-eabi/11.3.1/../../../../arm-none-eabi/lib/thumb/v7e-m+fp/hard\libc_nano.a(libc_a-memset.o)
 .debug_frame   0x000000000000261c       0x2c C:/ST/STM32CubeIDE_1.11.2/STM32CubeIDE/plugins/com.st.stm32cube.ide.mcu.externaltools.gnu-tools-for-stm32.11.3.rel1.win32_1.1.1.202309131626/tools/bin/../lib/gcc/arm-none-eabi/11.3.1/../../../../arm-none-eabi/lib/thumb/v7e-m+fp/hard\libc_nano.a(libc_a-init.o)
 .debug_frame   0x0000000000002648       0x30 C:/ST/STM32CubeIDE_1.11.2/STM32CubeIDE/plugins/com.st.stm32cube.ide.mcu.externaltools.gnu-tools-for-stm32.11.3.rel1.win32_1.1.1.202309131626/tools/bin/../lib/gcc/arm-none-eabi/11.3.1/thumb/v7e-m+fp/hard\libgcc.a(_arm_muldf3.o)
 .debug_frame   0x0000000000002678       0xac C:/ST/STM32CubeIDE_1.11.2/STM32CubeIDE/plugins/com.st.stm32cube.ide.mcu.externaltools.gnu-tools-for-stm32.11.3.rel1.win32_1.1.1.202309131626/tools/bin/../lib/gcc/arm-none-eabi/11.3.1/thumb/v7e-m+fp/hard\libgcc.a(_arm_addsubdf3.o)
 .debug_frame   0x0000000000002724       0x24 C:/ST/STM32CubeIDE_1.11.2/STM32CubeIDE/plugins/com.st.stm32cube.ide.mcu.externaltools.gnu-tools-for-stm32.11.3.rel1.win32_1.1.1.202309131626/tools/bin/../lib/gcc/arm-none-eabi/11.3.1/thumb/v7e-m+fp/hard\libgcc.a(_arm_fixunsdfsi.o)
 .debug_frame   0x0000000000002748       0x2c C:/ST/STM32CubeIDE_1.11.2/STM32CubeIDE/plugins/com.st.stm32cube.ide.mcu.externaltools.gnu-tools-for-stm32.11.3.rel1.win32_1.1.1.202309131626/tools/bin/../lib/gcc/arm-none-eabi/11.3.1/thumb/v7e-m+fp/hard\libgcc.a(_aeabi_uldivmod.o)
 .debug_frame   0x0000000000002774       0x34 C:/ST/STM32CubeIDE_1.11.2/STM32CubeIDE/plugins/com.st.stm32cube.ide.mcu.externaltools.gnu-tools-for-stm32.11.3.rel1.win32_1.1.1.202309131626/tools/bin/../lib/gcc/arm-none-eabi/11.3.1/thumb/v7e-m+fp/hard\libgcc.a(_udivmoddi4.o)

.debug_line_str
                0x0000000000000000       0x6b
 .debug_line_str
                0x0000000000000000       0x6b ./Core/Startup/startup_stm32f407vgtx.o
                                         0x83 (size before relaxing)
